<?xml version="1.0"?>
<link_info>
   <banner>TI ARM Linker PC v5.1.7</banner>
   <copyright>Copyright (c) 1996-2014 Texas Instruments Incorporated</copyright>
   <link_time>0x544f9e0c</link_time>
   <link_errors>0x0</link_errors>
   <output_file>enet_io.out</output_file>
   <entry_point>
      <name>_c_int00</name>
      <address>0x48ae9</address>
   </entry_point>
   <input_file_list>
      <input_file id="fl-2">
         <path>.\</path>
         <kind>object</kind>
         <file>cgifuncs.obj</file>
         <name>cgifuncs.obj</name>
      </input_file>
      <input_file id="fl-3">
         <path>.\</path>
         <kind>object</kind>
         <file>enet_io.obj</file>
         <name>enet_io.obj</name>
      </input_file>
      <input_file id="fl-4">
         <path>.\</path>
         <kind>object</kind>
         <file>io.obj</file>
         <name>io.obj</name>
      </input_file>
      <input_file id="fl-5">
         <path>.\</path>
         <kind>object</kind>
         <file>io_fs.obj</file>
         <name>io_fs.obj</name>
      </input_file>
      <input_file id="fl-6">
         <path>.\</path>
         <kind>object</kind>
         <file>startup_ccs.obj</file>
         <name>startup_ccs.obj</name>
      </input_file>
      <input_file id="fl-7">
         <path>.\utils\</path>
         <kind>object</kind>
         <file>locator.obj</file>
         <name>locator.obj</name>
      </input_file>
      <input_file id="fl-8">
         <path>.\utils\</path>
         <kind>object</kind>
         <file>lwiplib.obj</file>
         <name>lwiplib.obj</name>
      </input_file>
      <input_file id="fl-9">
         <path>.\utils\</path>
         <kind>object</kind>
         <file>uartstdio.obj</file>
         <name>uartstdio.obj</name>
      </input_file>
      <input_file id="fl-a">
         <path>.\utils\</path>
         <kind>object</kind>
         <file>ustdlib.obj</file>
         <name>ustdlib.obj</name>
      </input_file>
      <input_file id="fl-b">
         <path>.\third_party\lwip-1.4.1\apps\httpserver_raw\</path>
         <kind>object</kind>
         <file>httpd.obj</file>
         <name>httpd.obj</name>
      </input_file>
      <input_file id="fl-c">
         <path>.\drivers\</path>
         <kind>object</kind>
         <file>pinout.obj</file>
         <name>pinout.obj</name>
      </input_file>
      <input_file id="fl-13a">
         <path>C:\TI_CodeComposer\ccsv6\tools\compiler\arm_5.1.7\lib\</path>
         <kind>archive</kind>
         <file>rtsv7M4_T_le_v4SPD16_eabi.lib</file>
         <name>boot.obj</name>
      </input_file>
      <input_file id="fl-13b">
         <path>C:\TI_CodeComposer\ccsv6\tools\compiler\arm_5.1.7\lib\</path>
         <kind>archive</kind>
         <file>rtsv7M4_T_le_v4SPD16_eabi.lib</file>
         <name>copy_decompress_none.obj</name>
      </input_file>
      <input_file id="fl-13c">
         <path>C:\TI_CodeComposer\ccsv6\tools\compiler\arm_5.1.7\lib\</path>
         <kind>archive</kind>
         <file>rtsv7M4_T_le_v4SPD16_eabi.lib</file>
         <name>copy_decompress_rle.obj</name>
      </input_file>
      <input_file id="fl-13d">
         <path>C:\TI_CodeComposer\ccsv6\tools\compiler\arm_5.1.7\lib\</path>
         <kind>archive</kind>
         <file>rtsv7M4_T_le_v4SPD16_eabi.lib</file>
         <name>copy_zero_init.obj</name>
      </input_file>
      <input_file id="fl-13e">
         <path>C:\TI_CodeComposer\ccsv6\tools\compiler\arm_5.1.7\lib\</path>
         <kind>archive</kind>
         <file>rtsv7M4_T_le_v4SPD16_eabi.lib</file>
         <name>exit.obj</name>
      </input_file>
      <input_file id="fl-13f">
         <path>C:\TI_CodeComposer\ccsv6\tools\compiler\arm_5.1.7\lib\</path>
         <kind>archive</kind>
         <file>rtsv7M4_T_le_v4SPD16_eabi.lib</file>
         <name>memcmp.obj</name>
      </input_file>
      <input_file id="fl-140">
         <path>C:\TI_CodeComposer\ccsv6\tools\compiler\arm_5.1.7\lib\</path>
         <kind>archive</kind>
         <file>rtsv7M4_T_le_v4SPD16_eabi.lib</file>
         <name>memcpy_t2.obj</name>
      </input_file>
      <input_file id="fl-141">
         <path>C:\TI_CodeComposer\ccsv6\tools\compiler\arm_5.1.7\lib\</path>
         <kind>archive</kind>
         <file>rtsv7M4_T_le_v4SPD16_eabi.lib</file>
         <name>memset_t2.obj</name>
      </input_file>
      <input_file id="fl-142">
         <path>C:\TI_CodeComposer\ccsv6\tools\compiler\arm_5.1.7\lib\</path>
         <kind>archive</kind>
         <file>rtsv7M4_T_le_v4SPD16_eabi.lib</file>
         <name>stkdepth_vars.obj</name>
      </input_file>
      <input_file id="fl-143">
         <path>C:\TI_CodeComposer\ccsv6\tools\compiler\arm_5.1.7\lib\</path>
         <kind>archive</kind>
         <file>rtsv7M4_T_le_v4SPD16_eabi.lib</file>
         <name>strchr.obj</name>
      </input_file>
      <input_file id="fl-144">
         <path>C:\TI_CodeComposer\ccsv6\tools\compiler\arm_5.1.7\lib\</path>
         <kind>archive</kind>
         <file>rtsv7M4_T_le_v4SPD16_eabi.lib</file>
         <name>strcmp.obj</name>
      </input_file>
      <input_file id="fl-145">
         <path>C:\TI_CodeComposer\ccsv6\tools\compiler\arm_5.1.7\lib\</path>
         <kind>archive</kind>
         <file>rtsv7M4_T_le_v4SPD16_eabi.lib</file>
         <name>strlen.obj</name>
      </input_file>
      <input_file id="fl-146">
         <path>C:\TI_CodeComposer\ccsv6\tools\compiler\arm_5.1.7\lib\</path>
         <kind>archive</kind>
         <file>rtsv7M4_T_le_v4SPD16_eabi.lib</file>
         <name>strncmp.obj</name>
      </input_file>
      <input_file id="fl-147">
         <path>C:\TI_CodeComposer\ccsv6\tools\compiler\arm_5.1.7\lib\</path>
         <kind>archive</kind>
         <file>rtsv7M4_T_le_v4SPD16_eabi.lib</file>
         <name>strstr.obj</name>
      </input_file>
      <input_file id="fl-148">
         <path>C:\TI_CodeComposer\ccsv6\tools\compiler\arm_5.1.7\lib\</path>
         <kind>archive</kind>
         <file>rtsv7M4_T_le_v4SPD16_eabi.lib</file>
         <name>u_divt2.obj</name>
      </input_file>
      <input_file id="fl-149">
         <path>C:\TI_CodeComposer\ccsv6\tools\compiler\arm_5.1.7\lib\</path>
         <kind>archive</kind>
         <file>rtsv7M4_T_le_v4SPD16_eabi.lib</file>
         <name>_lock.obj</name>
      </input_file>
      <input_file id="fl-14a">
         <path>C:\TI_CodeComposer\ccsv6\tools\compiler\arm_5.1.7\lib\</path>
         <kind>archive</kind>
         <file>rtsv7M4_T_le_v4SPD16_eabi.lib</file>
         <name>args_main.obj</name>
      </input_file>
      <input_file id="fl-14b">
         <path>C:\TI_CodeComposer\ccsv6\tools\compiler\arm_5.1.7\lib\</path>
         <kind>archive</kind>
         <file>rtsv7M4_T_le_v4SPD16_eabi.lib</file>
         <name>auto_init.obj</name>
      </input_file>
      <input_file id="fl-14c">
         <path>C:\TI_CodeComposer\ccsv6\tools\compiler\arm_5.1.7\lib\</path>
         <kind>archive</kind>
         <file>rtsv7M4_T_le_v4SPD16_eabi.lib</file>
         <name>cpy_tbl.obj</name>
      </input_file>
      <input_file id="fl-14d">
         <path>C:\TI_CodeComposer\TivaWare\examples\boards\ek-tm4c1294xl\enet_io\ccs\..\..\..\..\..\driverlib\ccs\Debug\</path>
         <kind>archive</kind>
         <file>driverlib.lib</file>
         <name>timer.obj</name>
      </input_file>
      <input_file id="fl-14e">
         <path>C:\TI_CodeComposer\TivaWare\examples\boards\ek-tm4c1294xl\enet_io\ccs\..\..\..\..\..\driverlib\ccs\Debug\</path>
         <kind>archive</kind>
         <file>driverlib.lib</file>
         <name>systick.obj</name>
      </input_file>
      <input_file id="fl-14f">
         <path>C:\TI_CodeComposer\TivaWare\examples\boards\ek-tm4c1294xl\enet_io\ccs\..\..\..\..\..\driverlib\ccs\Debug\</path>
         <kind>archive</kind>
         <file>driverlib.lib</file>
         <name>sysctl.obj</name>
      </input_file>
      <input_file id="fl-150">
         <path>C:\TI_CodeComposer\TivaWare\examples\boards\ek-tm4c1294xl\enet_io\ccs\..\..\..\..\..\driverlib\ccs\Debug\</path>
         <kind>archive</kind>
         <file>driverlib.lib</file>
         <name>interrupt.obj</name>
      </input_file>
      <input_file id="fl-151">
         <path>C:\TI_CodeComposer\TivaWare\examples\boards\ek-tm4c1294xl\enet_io\ccs\..\..\..\..\..\driverlib\ccs\Debug\</path>
         <kind>archive</kind>
         <file>driverlib.lib</file>
         <name>gpio.obj</name>
      </input_file>
      <input_file id="fl-152">
         <path>C:\TI_CodeComposer\TivaWare\examples\boards\ek-tm4c1294xl\enet_io\ccs\..\..\..\..\..\driverlib\ccs\Debug\</path>
         <kind>archive</kind>
         <file>driverlib.lib</file>
         <name>flash.obj</name>
      </input_file>
      <input_file id="fl-153">
         <path>C:\TI_CodeComposer\TivaWare\examples\boards\ek-tm4c1294xl\enet_io\ccs\..\..\..\..\..\driverlib\ccs\Debug\</path>
         <kind>archive</kind>
         <file>driverlib.lib</file>
         <name>emac.obj</name>
      </input_file>
      <input_file id="fl-154">
         <path>C:\TI_CodeComposer\TivaWare\examples\boards\ek-tm4c1294xl\enet_io\ccs\..\..\..\..\..\driverlib\ccs\Debug\</path>
         <kind>archive</kind>
         <file>driverlib.lib</file>
         <name>cpu.obj</name>
      </input_file>
      <input_file id="fl-155">
         <path>C:\TI_CodeComposer\TivaWare\examples\boards\ek-tm4c1294xl\enet_io\ccs\..\..\..\..\..\driverlib\ccs\Debug\</path>
         <kind>archive</kind>
         <file>driverlib.lib</file>
         <name>sw_crc.obj</name>
      </input_file>
   </input_file_list>
   <object_component_list>
      <object_component id="oc-e">
         <name>.intvecs</name>
         <load_address>0x0</load_address>
         <run_address>0x0</run_address>
         <size>0x200</size>
         <input_file_ref idref="fl-6"/>
      </object_component>
      <object_component id="oc-9fa">
         <name>.text:tcp_receive</name>
         <load_address>0x418c0</load_address>
         <run_address>0x418c0</run_address>
         <size>0x76c</size>
         <input_file_ref idref="fl-8"/>
      </object_component>
      <object_component id="oc-9a2">
         <name>.text:http_send_data</name>
         <load_address>0x4202c</load_address>
         <run_address>0x4202c</run_address>
         <size>0x49e</size>
         <input_file_ref idref="fl-b"/>
      </object_component>
      <object_component id="oc-35">
         <name>.text:FaultISR</name>
         <load_address>0x424ca</load_address>
         <run_address>0x424ca</run_address>
         <size>0x2</size>
         <input_file_ref idref="fl-6"/>
      </object_component>
      <object_component id="oc-69d">
         <name>.text:tcp_input</name>
         <load_address>0x424cc</load_address>
         <run_address>0x424cc</run_address>
         <size>0x3d0</size>
         <input_file_ref idref="fl-8"/>
      </object_component>
      <object_component id="oc-875">
         <name>.text:tcp_process</name>
         <load_address>0x4289c</load_address>
         <run_address>0x4289c</run_address>
         <size>0x3b0</size>
         <input_file_ref idref="fl-8"/>
      </object_component>
      <object_component id="oc-b0a">
         <name>.text:tcp_write</name>
         <load_address>0x42c4c</load_address>
         <run_address>0x42c4c</run_address>
         <size>0x2dc</size>
         <input_file_ref idref="fl-8"/>
      </object_component>
      <object_component id="oc-2ea">
         <name>.text:tcp_slowtmr</name>
         <load_address>0x42f28</load_address>
         <run_address>0x42f28</run_address>
         <size>0x2bc</size>
         <input_file_ref idref="fl-8"/>
      </object_component>
      <object_component id="oc-619">
         <name>.text:uvsnprintf</name>
         <load_address>0x431e4</load_address>
         <run_address>0x431e4</run_address>
         <size>0x245</size>
         <input_file_ref idref="fl-a"/>
      </object_component>
      <object_component id="oc-3b">
         <name>.text:IntDefaultHandler</name>
         <load_address>0x4342a</load_address>
         <run_address>0x4342a</run_address>
         <size>0x2</size>
         <input_file_ref idref="fl-6"/>
      </object_component>
      <object_component id="oc-747">
         <name>.text:dhcp_parse_reply</name>
         <load_address>0x4342c</load_address>
         <run_address>0x4342c</run_address>
         <size>0x220</size>
         <input_file_ref idref="fl-8"/>
      </object_component>
      <object_component id="oc-1df">
         <name>.text:PinoutSet</name>
         <load_address>0x4364c</load_address>
         <run_address>0x4364c</run_address>
         <size>0x214</size>
         <input_file_ref idref="fl-c"/>
      </object_component>
      <object_component id="oc-1d9">
         <name>.text:SysCtlClockFreqSet</name>
         <load_address>0x43860</load_address>
         <run_address>0x43860</run_address>
         <size>0x1fc</size>
         <input_file_ref idref="fl-14f"/>
      </object_component>
      <object_component id="oc-459">
         <name>.text:ip_input</name>
         <load_address>0x43a5c</load_address>
         <run_address>0x43a5c</run_address>
         <size>0x1f0</size>
         <input_file_ref idref="fl-8"/>
      </object_component>
      <object_component id="oc-697">
         <name>.text:udp_input</name>
         <load_address>0x43c4c</load_address>
         <run_address>0x43c4c</run_address>
         <size>0x1f0</size>
         <input_file_ref idref="fl-8"/>
      </object_component>
      <object_component id="oc-373">
         <name>.text:UARTvprintf</name>
         <load_address>0x43e3c</load_address>
         <run_address>0x43e3c</run_address>
         <size>0x1ea</size>
         <input_file_ref idref="fl-9"/>
      </object_component>
      <object_component id="oc-2f">
         <name>.text:NmiSR</name>
         <load_address>0x44026</load_address>
         <run_address>0x44026</run_address>
         <size>0x2</size>
         <input_file_ref idref="fl-6"/>
      </object_component>
      <object_component id="oc-6a3">
         <name>.text:icmp_input</name>
         <load_address>0x44028</load_address>
         <run_address>0x44028</run_address>
         <size>0x1ac</size>
         <input_file_ref idref="fl-8"/>
      </object_component>
      <object_component id="oc-cc">
         <name>.text:main</name>
         <load_address>0x441d4</load_address>
         <run_address>0x441d4</run_address>
         <size>0x1a0</size>
         <input_file_ref idref="fl-3"/>
      </object_component>
      <object_component id="oc-480">
         <name>.text:tcp_output</name>
         <load_address>0x44374</load_address>
         <run_address>0x44374</run_address>
         <size>0x190</size>
         <input_file_ref idref="fl-8"/>
      </object_component>
      <object_component id="oc-44d">
         <name>.text:etharp_arp_input</name>
         <load_address>0x44504</load_address>
         <run_address>0x44504</run_address>
         <size>0x154</size>
         <input_file_ref idref="fl-8"/>
      </object_component>
      <object_component id="oc-a1b">
         <name>.text:tcp_close_shutdown</name>
         <load_address>0x44658</load_address>
         <run_address>0x44658</run_address>
         <size>0x144</size>
         <input_file_ref idref="fl-8"/>
      </object_component>
      <object_component id="oc-2c0">
         <name>.text:pbuf_alloc</name>
         <load_address>0x4479c</load_address>
         <run_address>0x4479c</run_address>
         <size>0x138</size>
         <input_file_ref idref="fl-8"/>
      </object_component>
      <object_component id="oc-35a">
         <name>.text:GPIOPadConfigSet</name>
         <load_address>0x448d4</load_address>
         <run_address>0x448d4</run_address>
         <size>0x130</size>
         <input_file_ref idref="fl-151"/>
      </object_component>
      <object_component id="oc-14e">
         <name>.text:tivaif_receive</name>
         <load_address>0x44a04</load_address>
         <run_address>0x44a04</run_address>
         <size>0x130</size>
         <input_file_ref idref="fl-8"/>
      </object_component>
      <object_component id="oc-700">
         <name>.text:dhcp_create_msg</name>
         <load_address>0x44b34</load_address>
         <run_address>0x44b34</run_address>
         <size>0x128</size>
         <input_file_ref idref="fl-8"/>
      </object_component>
      <object_component id="oc-ae9">
         <name>.text:fs_open</name>
         <load_address>0x44c5c</load_address>
         <run_address>0x44c5c</run_address>
         <size>0x124</size>
         <input_file_ref idref="fl-5"/>
      </object_component>
      <object_component id="oc-78f">
         <name>.text:etharp_output</name>
         <load_address>0x44d80</load_address>
         <run_address>0x44d80</run_address>
         <size>0x11c</size>
         <input_file_ref idref="fl-8"/>
      </object_component>
      <object_component id="oc-a75">
         <name>.text:http_find_file</name>
         <load_address>0x44e9c</load_address>
         <run_address>0x44e9c</run_address>
         <size>0x118</size>
         <input_file_ref idref="fl-b"/>
      </object_component>
      <object_component id="oc-72a">
         <name>.text:etharp_query</name>
         <load_address>0x44fb4</load_address>
         <run_address>0x44fb4</run_address>
         <size>0x114</size>
         <input_file_ref idref="fl-8"/>
      </object_component>
      <object_component id="oc-869">
         <name>.text:tcp_listen_input</name>
         <load_address>0x450c8</load_address>
         <run_address>0x450c8</run_address>
         <size>0x114</size>
         <input_file_ref idref="fl-8"/>
      </object_component>
      <object_component id="oc-46c">
         <name>.text:mem_malloc</name>
         <load_address>0x451dc</load_address>
         <run_address>0x451dc</run_address>
         <size>0xf8</size>
         <input_file_ref idref="fl-8"/>
      </object_component>
      <object_component id="oc-795">
         <name>.text:tivaif_transmit</name>
         <load_address>0x452d4</load_address>
         <run_address>0x452d4</run_address>
         <size>0xf8</size>
         <input_file_ref idref="fl-8"/>
      </object_component>
      <object_component id="oc-157">
         <name>.text:lwIPHostTimerHandler</name>
         <load_address>0x453cc</load_address>
         <run_address>0x453cc</run_address>
         <size>0xf4</size>
         <input_file_ref idref="fl-3"/>
      </object_component>
      <object_component id="oc-852">
         <name>.text:mem_trim</name>
         <load_address>0x454c0</load_address>
         <run_address>0x454c0</run_address>
         <size>0xf4</size>
         <input_file_ref idref="fl-8"/>
      </object_component>
      <object_component id="oc-b37">
         <name>.text:get_http_headers</name>
         <load_address>0x455b4</load_address>
         <run_address>0x455b4</run_address>
         <size>0xf0</size>
         <input_file_ref idref="fl-b"/>
      </object_component>
      <object_component id="oc-89d">
         <name>.text:ip_output_if</name>
         <load_address>0x456a4</load_address>
         <run_address>0x456a4</run_address>
         <size>0xf0</size>
         <input_file_ref idref="fl-8"/>
      </object_component>
      <object_component id="oc-209">
         <name>.text:lwIPInit</name>
         <load_address>0x45794</load_address>
         <run_address>0x45794</run_address>
         <size>0xf0</size>
         <input_file_ref idref="fl-8"/>
      </object_component>
      <object_component id="oc-714">
         <name>.text:udp_sendto_if</name>
         <load_address>0x45884</load_address>
         <run_address>0x45884</run_address>
         <size>0xec</size>
         <input_file_ref idref="fl-8"/>
      </object_component>
      <object_component id="oc-836">
         <name>.text:etharp_find_entry</name>
         <load_address>0x45970</load_address>
         <run_address>0x45970</run_address>
         <size>0xe0</size>
         <input_file_ref idref="fl-8"/>
      </object_component>
      <object_component id="oc-4d6">
         <name>.text:etharp_raw</name>
         <load_address>0x45a50</load_address>
         <run_address>0x45a50</run_address>
         <size>0xdc</size>
         <input_file_ref idref="fl-8"/>
      </object_component>
      <object_component id="oc-6be">
         <name>.text:tcp_output_segment</name>
         <load_address>0x45b2c</load_address>
         <run_address>0x45b2c</run_address>
         <size>0xd8</size>
         <input_file_ref idref="fl-8"/>
      </object_component>
      <object_component id="oc-7a5">
         <name>.text:tcp_alloc</name>
         <load_address>0x45c04</load_address>
         <run_address>0x45c04</run_address>
         <size>0xd4</size>
         <input_file_ref idref="fl-8"/>
      </object_component>
      <object_component id="oc-169">
         <name>.text:autoip_tmr</name>
         <load_address>0x45cd8</load_address>
         <run_address>0x45cd8</run_address>
         <size>0xd0</size>
         <input_file_ref idref="fl-8"/>
      </object_component>
      <object_component id="oc-4f2">
         <name>.text:dhcp_bind</name>
         <load_address>0x45da8</load_address>
         <run_address>0x45da8</run_address>
         <size>0xcc</size>
         <input_file_ref idref="fl-8"/>
      </object_component>
      <object_component id="oc-531">
         <name>.text:dhcp_recv</name>
         <load_address>0x45e74</load_address>
         <run_address>0x45e74</run_address>
         <size>0xcc</size>
         <input_file_ref idref="fl-8"/>
      </object_component>
      <object_component id="oc-504">
         <name>.text:dhcp_select</name>
         <load_address>0x45f40</load_address>
         <run_address>0x45f40</run_address>
         <size>0xcc</size>
         <input_file_ref idref="fl-8"/>
      </object_component>
      <object_component id="oc-a8e">
         <name>.text:get_tag_insert</name>
         <load_address>0x4600c</load_address>
         <run_address>0x4600c</run_address>
         <size>0xcc</size>
         <input_file_ref idref="fl-b"/>
      </object_component>
      <object_component id="oc-91f">
         <name>.text:InitDMADescriptors</name>
         <load_address>0x460d8</load_address>
         <run_address>0x460d8</run_address>
         <size>0xc4</size>
         <input_file_ref idref="fl-8"/>
      </object_component>
      <object_component id="oc-24c">
         <name>.text:SSIHandler</name>
         <load_address>0x4619c</load_address>
         <run_address>0x4619c</run_address>
         <size>0xbc</size>
         <input_file_ref idref="fl-3"/>
      </object_component>
      <object_component id="oc-50a">
         <name>.text:dhcp_discover</name>
         <load_address>0x46258</load_address>
         <run_address>0x46258</run_address>
         <size>0xbc</size>
         <input_file_ref idref="fl-8"/>
      </object_component>
      <object_component id="oc-aa3">
         <name>.text:tcp_create_segment</name>
         <load_address>0x46314</load_address>
         <run_address>0x46314</run_address>
         <size>0xbc</size>
         <input_file_ref idref="fl-8"/>
      </object_component>
      <object_component id="oc-789">
         <name>.text:tivaif_hwinit</name>
         <load_address>0x463d0</load_address>
         <run_address>0x463d0</run_address>
         <size>0xbc</size>
         <input_file_ref idref="fl-8"/>
      </object_component>
      <object_component id="oc-ac">
         <name>.text:lwIPServiceTimers</name>
         <load_address>0x4648c</load_address>
         <run_address>0x4648c</run_address>
         <size>0xb0</size>
         <input_file_ref idref="fl-8"/>
      </object_component>
      <object_component id="oc-496">
         <name>.text:tcp_zero_window_probe</name>
         <load_address>0x4653c</load_address>
         <run_address>0x4653c</run_address>
         <size>0xac</size>
         <input_file_ref idref="fl-8"/>
      </object_component>
      <object_component id="oc-32e">
         <name>.text:dhcp_start</name>
         <load_address>0x465e8</load_address>
         <run_address>0x465e8</run_address>
         <size>0xa8</size>
         <input_file_ref idref="fl-8"/>
      </object_component>
      <object_component id="oc-9e1">
         <name>.text:tcp_enqueue_flags</name>
         <load_address>0x46690</load_address>
         <run_address>0x46690</run_address>
         <size>0xa8</size>
         <input_file_ref idref="fl-8"/>
      </object_component>
      <object_component id="oc-6e0">
         <name>.text:inet_chksum_pseudo</name>
         <load_address>0x46738</load_address>
         <run_address>0x46738</run_address>
         <size>0xa6</size>
         <input_file_ref idref="fl-8"/>
      </object_component>
      <object_component id="oc-4fe">
         <name>.text:dhcp_release</name>
         <load_address>0x467e0</load_address>
         <run_address>0x467e0</run_address>
         <size>0xa4</size>
         <input_file_ref idref="fl-8"/>
      </object_component>
      <object_component id="oc-2ba">
         <name>.text:ethernet_input</name>
         <load_address>0x46884</load_address>
         <run_address>0x46884</run_address>
         <size>0xa4</size>
         <input_file_ref idref="fl-8"/>
      </object_component>
      <object_component id="oc-99c">
         <name>.text:http_parse_request</name>
         <load_address>0x46928</load_address>
         <run_address>0x46928</run_address>
         <size>0x9e</size>
         <input_file_ref idref="fl-b"/>
      </object_component>
      <object_component id="oc-6b">
         <name>.text</name>
         <load_address>0x469c6</load_address>
         <run_address>0x469c6</run_address>
         <size>0x9c</size>
         <input_file_ref idref="fl-140"/>
      </object_component>
      <object_component id="oc-5dd">
         <name>.text:tcp_listen_with_backlog</name>
         <load_address>0x46a64</load_address>
         <run_address>0x46a64</run_address>
         <size>0x9c</size>
         <input_file_ref idref="fl-8"/>
      </object_component>
      <object_component id="oc-4ec">
         <name>.text:dhcp_reboot</name>
         <load_address>0x46b00</load_address>
         <run_address>0x46b00</run_address>
         <size>0x98</size>
         <input_file_ref idref="fl-8"/>
      </object_component>
      <object_component id="oc-56">
         <name>.text</name>
         <load_address>0x46b98</load_address>
         <run_address>0x46b98</run_address>
         <size>0x94</size>
         <input_file_ref idref="fl-14b"/>
      </object_component>
      <object_component id="oc-897">
         <name>.text:pbuf_copy</name>
         <load_address>0x46c2c</load_address>
         <run_address>0x46c2c</run_address>
         <size>0x92</size>
         <input_file_ref idref="fl-8"/>
      </object_component>
      <object_component id="oc-8c1">
         <name>.text:tcp_abandon</name>
         <load_address>0x46cc0</load_address>
         <run_address>0x46cc0</run_address>
         <size>0x90</size>
         <input_file_ref idref="fl-8"/>
      </object_component>
      <object_component id="oc-4ae">
         <name>.text:tcp_rst</name>
         <load_address>0x46d50</load_address>
         <run_address>0x46d50</run_address>
         <size>0x90</size>
         <input_file_ref idref="fl-8"/>
      </object_component>
      <object_component id="oc-401">
         <name>.text:ControlCGIHandler</name>
         <load_address>0x46de0</load_address>
         <run_address>0x46de0</run_address>
         <size>0x8c</size>
         <input_file_ref idref="fl-3"/>
      </object_component>
      <object_component id="oc-3aa">
         <name>.text:LocatorReceive</name>
         <load_address>0x46e6c</load_address>
         <run_address>0x46e6c</run_address>
         <size>0x84</size>
         <input_file_ref idref="fl-7"/>
      </object_component>
      <object_component id="oc-239">
         <name>.text:io_init</name>
         <load_address>0x46ef0</load_address>
         <run_address>0x46ef0</run_address>
         <size>0x84</size>
         <input_file_ref idref="fl-4"/>
      </object_component>
      <object_component id="oc-17b">
         <name>.text:lwIPLinkDetect</name>
         <load_address>0x46f74</load_address>
         <run_address>0x46f74</run_address>
         <size>0x84</size>
         <input_file_ref idref="fl-8"/>
      </object_component>
      <object_component id="oc-86f">
         <name>.text:tcp_timewait_input</name>
         <load_address>0x46ff8</load_address>
         <run_address>0x46ff8</run_address>
         <size>0x84</size>
         <input_file_ref idref="fl-8"/>
      </object_component>
      <object_component id="oc-65f">
         <name>.text:autoip_arp_reply</name>
         <load_address>0x4707c</load_address>
         <run_address>0x4707c</run_address>
         <size>0x82</size>
         <input_file_ref idref="fl-8"/>
      </object_component>
      <object_component id="oc-4e5">
         <name>.text:dhcp_rebind</name>
         <load_address>0x47100</load_address>
         <run_address>0x47100</run_address>
         <size>0x80</size>
         <input_file_ref idref="fl-8"/>
      </object_component>
      <object_component id="oc-4de">
         <name>.text:dhcp_renew</name>
         <load_address>0x47180</load_address>
         <run_address>0x47180</run_address>
         <size>0x80</size>
         <input_file_ref idref="fl-8"/>
      </object_component>
      <object_component id="oc-38b">
         <name>.text:lwIPPrivateInit</name>
         <load_address>0x47200</load_address>
         <run_address>0x47200</run_address>
         <size>0x80</size>
         <input_file_ref idref="fl-8"/>
      </object_component>
      <object_component id="oc-9db">
         <name>.text:tcp_parseopt</name>
         <load_address>0x47280</load_address>
         <run_address>0x47280</run_address>
         <size>0x80</size>
         <input_file_ref idref="fl-8"/>
      </object_component>
      <object_component id="oc-314">
         <name>.text:dhcp_timeout</name>
         <load_address>0x47300</load_address>
         <run_address>0x47300</run_address>
         <size>0x7c</size>
         <input_file_ref idref="fl-8"/>
      </object_component>
      <object_component id="oc-5d7">
         <name>.text:tcp_bind</name>
         <load_address>0x4737c</load_address>
         <run_address>0x4737c</run_address>
         <size>0x7c</size>
         <input_file_ref idref="fl-8"/>
      </object_component>
      <object_component id="oc-142">
         <name>.text:tivaif_process_phy_interrupt</name>
         <load_address>0x473f8</load_address>
         <run_address>0x473f8</run_address>
         <size>0x7c</size>
         <input_file_ref idref="fl-8"/>
      </object_component>
      <object_component id="oc-759">
         <name>.text:dhcp_handle_ack</name>
         <load_address>0x47474</load_address>
         <run_address>0x47474</run_address>
         <size>0x78</size>
         <input_file_ref idref="fl-8"/>
      </object_component>
      <object_component id="oc-526">
         <name>.text</name>
         <load_address>0x474ec</load_address>
         <run_address>0x474ec</run_address>
         <size>0x78</size>
         <input_file_ref idref="fl-141"/>
      </object_component>
      <object_component id="oc-abb">
         <name>.text:tcp_oos_insert_segment</name>
         <load_address>0x47564</load_address>
         <run_address>0x47564</run_address>
         <size>0x78</size>
         <input_file_ref idref="fl-8"/>
      </object_component>
      <object_component id="oc-665">
         <name>.text:etharp_update_arp_entry</name>
         <load_address>0x475dc</load_address>
         <run_address>0x475dc</run_address>
         <size>0x74</size>
         <input_file_ref idref="fl-8"/>
      </object_component>
      <object_component id="oc-68b">
         <name>.text:raw_input</name>
         <load_address>0x47650</load_address>
         <run_address>0x47650</run_address>
         <size>0x74</size>
         <input_file_ref idref="fl-8"/>
      </object_component>
      <object_component id="oc-ae3">
         <name>.text:extract_uri_parameters</name>
         <load_address>0x476c4</load_address>
         <run_address>0x476c4</run_address>
         <size>0x72</size>
         <input_file_ref idref="fl-b"/>
      </object_component>
      <object_component id="oc-afb">
         <name>.text:http_init_file</name>
         <load_address>0x47738</load_address>
         <run_address>0x47738</run_address>
         <size>0x71</size>
         <input_file_ref idref="fl-b"/>
      </object_component>
      <object_component id="oc-2e4">
         <name>.text:tcp_fasttmr</name>
         <load_address>0x477ac</load_address>
         <run_address>0x477ac</run_address>
         <size>0x70</size>
         <input_file_ref idref="fl-8"/>
      </object_component>
      <object_component id="oc-813">
         <name>.text:CheckDecimalParam</name>
         <load_address>0x4781c</load_address>
         <run_address>0x4781c</run_address>
         <size>0x6e</size>
         <input_file_ref idref="fl-2"/>
      </object_component>
      <object_component id="oc-85e">
         <name>.text:icmp_send_response</name>
         <load_address>0x4788c</load_address>
         <run_address>0x4788c</run_address>
         <size>0x6c</size>
         <input_file_ref idref="fl-8"/>
      </object_component>
      <object_component id="oc-6da">
         <name>.text:pbuf_copy_partial</name>
         <load_address>0x478f8</load_address>
         <run_address>0x478f8</run_address>
         <size>0x6a</size>
         <input_file_ref idref="fl-8"/>
      </object_component>
      <object_component id="oc-844">
         <name>.text:dhcp_decline</name>
         <load_address>0x47964</load_address>
         <run_address>0x47964</run_address>
         <size>0x68</size>
         <input_file_ref idref="fl-8"/>
      </object_component>
      <object_component id="oc-776">
         <name>.text:memp_init</name>
         <load_address>0x479cc</load_address>
         <run_address>0x479cc</run_address>
         <size>0x68</size>
         <input_file_ref idref="fl-8"/>
      </object_component>
      <object_component id="oc-4bd">
         <name>.text:netif_set_ipaddr</name>
         <load_address>0x47a34</load_address>
         <run_address>0x47a34</run_address>
         <size>0x68</size>
         <input_file_ref idref="fl-8"/>
      </object_component>
      <object_component id="oc-6d4">
         <name>.text:tcp_output_alloc_header</name>
         <load_address>0x47a9c</load_address>
         <run_address>0x47a9c</run_address>
         <size>0x68</size>
         <input_file_ref idref="fl-8"/>
      </object_component>
      <object_component id="oc-486">
         <name>.text:tcp_process_refused_data</name>
         <load_address>0x47b04</load_address>
         <run_address>0x47b04</run_address>
         <size>0x68</size>
         <input_file_ref idref="fl-8"/>
      </object_component>
      <object_component id="oc-407">
         <name>.text:SetTextCGIHandler</name>
         <load_address>0x47b6c</load_address>
         <run_address>0x47b6c</run_address>
         <size>0x64</size>
         <input_file_ref idref="fl-3"/>
      </object_component>
      <object_component id="oc-84b">
         <name>.text:lwip_standard_chksum</name>
         <load_address>0x47bd0</load_address>
         <run_address>0x47bd0</run_address>
         <size>0x64</size>
         <input_file_ref idref="fl-8"/>
      </object_component>
      <object_component id="oc-439">
         <name>.text:mem_free</name>
         <load_address>0x47c34</load_address>
         <run_address>0x47c34</run_address>
         <size>0x64</size>
         <input_file_ref idref="fl-8"/>
      </object_component>
      <object_component id="oc-651">
         <name>.text:plug_holes</name>
         <load_address>0x47c98</load_address>
         <run_address>0x47c98</run_address>
         <size>0x64</size>
         <input_file_ref idref="fl-8"/>
      </object_component>
      <object_component id="oc-3a1">
         <name>.text:udp_bind</name>
         <load_address>0x47cfc</load_address>
         <run_address>0x47cfc</run_address>
         <size>0x64</size>
         <input_file_ref idref="fl-8"/>
      </object_component>
      <object_component id="oc-7e5">
         <name>.text:http_recv</name>
         <load_address>0x47d60</load_address>
         <run_address>0x47d60</run_address>
         <size>0x62</size>
         <input_file_ref idref="fl-b"/>
      </object_component>
      <object_component id="oc-453">
         <name>.text:pbuf_header</name>
         <load_address>0x47dc2</load_address>
         <run_address>0x47dc2</run_address>
         <size>0x62</size>
         <input_file_ref idref="fl-8"/>
      </object_component>
      <object_component id="oc-94f">
         <name>.text:IntEnable</name>
         <load_address>0x47e24</load_address>
         <run_address>0x47e24</run_address>
         <size>0x60</size>
         <input_file_ref idref="fl-150"/>
      </object_component>
      <object_component id="oc-1e5">
         <name>.text:UARTStdioConfig</name>
         <load_address>0x47e84</load_address>
         <run_address>0x47e84</run_address>
         <size>0x60</size>
         <input_file_ref idref="fl-9"/>
      </object_component>
      <object_component id="oc-8f3">
         <name>.text:sys_timeout</name>
         <load_address>0x47ee4</load_address>
         <run_address>0x47ee4</run_address>
         <size>0x60</size>
         <input_file_ref idref="fl-8"/>
      </object_component>
      <object_component id="oc-7e">
         <name>.text</name>
         <load_address>0x47f44</load_address>
         <run_address>0x47f44</run_address>
         <size>0x5e</size>
         <input_file_ref idref="fl-13c"/>
      </object_component>
      <object_component id="oc-645">
         <name>.text:DecodeFormString</name>
         <load_address>0x47fa2</load_address>
         <run_address>0x47fa2</run_address>
         <size>0x5c</size>
         <input_file_ref idref="fl-2"/>
      </object_component>
      <object_component id="oc-4d">
         <name>.text:lwIPEthernetIntHandler</name>
         <load_address>0x48000</load_address>
         <run_address>0x48000</run_address>
         <size>0x5c</size>
         <input_file_ref idref="fl-8"/>
      </object_component>
      <object_component id="oc-770">
         <name>.text:mem_init</name>
         <load_address>0x4805c</load_address>
         <run_address>0x4805c</run_address>
         <size>0x5c</size>
         <input_file_ref idref="fl-8"/>
      </object_component>
      <object_component id="oc-49c">
         <name>.text:tcp_keepalive</name>
         <load_address>0x480b8</load_address>
         <run_address>0x480b8</run_address>
         <size>0x5c</size>
         <input_file_ref idref="fl-8"/>
      </object_component>
      <object_component id="oc-87e">
         <name>.text:tcp_pcb_remove</name>
         <load_address>0x48114</load_address>
         <run_address>0x48114</run_address>
         <size>0x5c</size>
         <input_file_ref idref="fl-8"/>
      </object_component>
      <object_component id="oc-6b8">
         <name>.text:tcp_send_empty_ack</name>
         <load_address>0x48170</load_address>
         <run_address>0x48170</run_address>
         <size>0x5c</size>
         <input_file_ref idref="fl-8"/>
      </object_component>
      <object_component id="oc-334">
         <name>.text:autoip_start</name>
         <load_address>0x481cc</load_address>
         <run_address>0x481cc</run_address>
         <size>0x5a</size>
         <input_file_ref idref="fl-8"/>
      </object_component>
      <object_component id="oc-67f">
         <name>.text:pbuf_realloc</name>
         <load_address>0x48226</load_address>
         <run_address>0x48226</run_address>
         <size>0x5a</size>
         <input_file_ref idref="fl-8"/>
      </object_component>
      <object_component id="oc-385">
         <name>.text:EMACPHYConfigSet</name>
         <load_address>0x48280</load_address>
         <run_address>0x48280</run_address>
         <size>0x58</size>
         <input_file_ref idref="fl-153"/>
      </object_component>
      <object_component id="oc-5ef">
         <name>.text:http_accept</name>
         <load_address>0x482d8</load_address>
         <run_address>0x482d8</run_address>
         <size>0x58</size>
         <input_file_ref idref="fl-b"/>
      </object_component>
      <object_component id="oc-460">
         <name>.text:memp_malloc</name>
         <load_address>0x48330</load_address>
         <run_address>0x48330</run_address>
         <size>0x58</size>
         <input_file_ref idref="fl-8"/>
      </object_component>
      <object_component id="oc-891">
         <name>.text:inet_chksum_pbuf</name>
         <load_address>0x48388</load_address>
         <run_address>0x48388</run_address>
         <size>0x56</size>
         <input_file_ref idref="fl-8"/>
      </object_component>
      <object_component id="oc-538">
         <name>.text:autoip_create_addr</name>
         <load_address>0x483e0</load_address>
         <run_address>0x483e0</run_address>
         <size>0x54</size>
         <input_file_ref idref="fl-8"/>
      </object_component>
      <object_component id="oc-59a">
         <name>.text:netif_add</name>
         <load_address>0x48434</load_address>
         <run_address>0x48434</run_address>
         <size>0x54</size>
         <input_file_ref idref="fl-8"/>
      </object_component>
      <object_component id="oc-a00">
         <name>.text:tcp_rexmit</name>
         <load_address>0x48488</load_address>
         <run_address>0x48488</run_address>
         <size>0x54</size>
         <input_file_ref idref="fl-8"/>
      </object_component>
      <object_component id="oc-2ad">
         <name>.text:pbuf_free</name>
         <load_address>0x484dc</load_address>
         <run_address>0x484dc</run_address>
         <size>0x52</size>
         <input_file_ref idref="fl-8"/>
      </object_component>
      <object_component id="oc-148">
         <name>.text:tivaif_process_transmit</name>
         <load_address>0x4852e</load_address>
         <run_address>0x4852e</run_address>
         <size>0x52</size>
         <input_file_ref idref="fl-8"/>
      </object_component>
      <object_component id="oc-20f">
         <name>.text:LocatorInit</name>
         <load_address>0x48580</load_address>
         <run_address>0x48580</run_address>
         <size>0x50</size>
         <input_file_ref idref="fl-7"/>
      </object_component>
      <object_component id="oc-57b">
         <name>.text:SysCtlPeripheralReset</name>
         <load_address>0x485d0</load_address>
         <run_address>0x485d0</run_address>
         <size>0x50</size>
         <input_file_ref idref="fl-14f"/>
      </object_component>
      <object_component id="oc-53e">
         <name>.text:autoip_start_probing</name>
         <load_address>0x48620</load_address>
         <run_address>0x48620</run_address>
         <size>0x50</size>
         <input_file_ref idref="fl-8"/>
      </object_component>
      <object_component id="oc-9a8">
         <name>.text:http_close_conn</name>
         <load_address>0x48670</load_address>
         <run_address>0x48670</run_address>
         <size>0x50</size>
         <input_file_ref idref="fl-b"/>
      </object_component>
      <object_component id="oc-3cc">
         <name>.text:io_set_timer</name>
         <load_address>0x486c0</load_address>
         <run_address>0x486c0</run_address>
         <size>0x50</size>
         <input_file_ref idref="fl-4"/>
      </object_component>
      <object_component id="oc-77c">
         <name>.text:sys_timeouts_init</name>
         <load_address>0x48710</load_address>
         <run_address>0x48710</run_address>
         <size>0x50</size>
         <input_file_ref idref="fl-8"/>
      </object_component>
      <object_component id="oc-7ad">
         <name>.text:tcp_new_port</name>
         <load_address>0x48760</load_address>
         <run_address>0x48760</run_address>
         <size>0x50</size>
         <input_file_ref idref="fl-8"/>
      </object_component>
      <object_component id="oc-a69">
         <name>.text:strnstr</name>
         <load_address>0x487b0</load_address>
         <run_address>0x487b0</run_address>
         <size>0x4e</size>
         <input_file_ref idref="fl-b"/>
      </object_component>
      <object_component id="oc-b49">
         <name>.text:tcp_pbuf_prealloc</name>
         <load_address>0x487fe</load_address>
         <run_address>0x487fe</run_address>
         <size>0x4e</size>
         <input_file_ref idref="fl-8"/>
      </object_component>
      <object_component id="oc-79e">
         <name>.text:ip_route</name>
         <load_address>0x4884c</load_address>
         <run_address>0x4884c</run_address>
         <size>0x4c</size>
         <input_file_ref idref="fl-8"/>
      </object_component>
      <object_component id="oc-b43">
         <name>.text:tcp_write_checks</name>
         <load_address>0x48898</load_address>
         <run_address>0x48898</run_address>
         <size>0x4c</size>
         <input_file_ref idref="fl-8"/>
      </object_component>
      <object_component id="oc-a6">
         <name>.text:tivaif_interrupt</name>
         <load_address>0x488e4</load_address>
         <run_address>0x488e4</run_address>
         <size>0x4c</size>
         <input_file_ref idref="fl-8"/>
      </object_component>
      <object_component id="oc-5b2">
         <name>.text:udp_new_port</name>
         <load_address>0x48930</load_address>
         <run_address>0x48930</run_address>
         <size>0x4c</size>
         <input_file_ref idref="fl-8"/>
      </object_component>
      <object_component id="oc-aef">
         <name>.text:http_get_404_file</name>
         <load_address>0x4897c</load_address>
         <run_address>0x4897c</run_address>
         <size>0x4b</size>
         <input_file_ref idref="fl-b"/>
      </object_component>
      <object_component id="oc-56a">
         <name>.text:UARTwrite</name>
         <load_address>0x489c8</load_address>
         <run_address>0x489c8</run_address>
         <size>0x48</size>
         <input_file_ref idref="fl-9"/>
      </object_component>
      <object_component id="oc-34a">
         <name>.text:_SysCtlFrequencyGet</name>
         <load_address>0x48a10</load_address>
         <run_address>0x48a10</run_address>
         <size>0x48</size>
         <input_file_ref idref="fl-14f"/>
      </object_component>
      <object_component id="oc-95c">
         <name>.text:etharp_output_to_arp_index</name>
         <load_address>0x48a58</load_address>
         <run_address>0x48a58</run_address>
         <size>0x48</size>
         <input_file_ref idref="fl-8"/>
      </object_component>
      <object_component id="oc-6e6">
         <name>.text:ip_output</name>
         <load_address>0x48aa0</load_address>
         <run_address>0x48aa0</run_address>
         <size>0x48</size>
         <input_file_ref idref="fl-8"/>
      </object_component>
      <object_component id="oc-11">
         <name>.text</name>
         <load_address>0x48ae8</load_address>
         <run_address>0x48ae8</run_address>
         <size>0x48</size>
         <input_file_ref idref="fl-13a"/>
      </object_component>
      <object_component id="oc-980">
         <name>.text:tcp_kill_prio</name>
         <load_address>0x48b30</load_address>
         <run_address>0x48b30</run_address>
         <size>0x48</size>
         <input_file_ref idref="fl-8"/>
      </object_component>
      <object_component id="oc-aaa">
         <name>.text:tcp_rexmit_fast</name>
         <load_address>0x48b78</load_address>
         <run_address>0x48b78</run_address>
         <size>0x48</size>
         <input_file_ref idref="fl-8"/>
      </object_component>
      <object_component id="oc-52b">
         <name>.text:udp_connect</name>
         <load_address>0x48bc0</load_address>
         <run_address>0x48bc0</run_address>
         <size>0x48</size>
         <input_file_ref idref="fl-8"/>
      </object_component>
      <object_component id="oc-a7c">
         <name>.text:http_write</name>
         <load_address>0x48c08</load_address>
         <run_address>0x48c08</run_address>
         <size>0x44</size>
         <input_file_ref idref="fl-b"/>
      </object_component>
      <object_component id="oc-c5">
         <name>.text</name>
         <load_address>0x48c4c</load_address>
         <run_address>0x48c4c</run_address>
         <size>0x44</size>
         <input_file_ref idref="fl-14c"/>
      </object_component>
      <object_component id="oc-61">
         <name>.text</name>
         <load_address>0x48c90</load_address>
         <run_address>0x48c90</run_address>
         <size>0x44</size>
         <input_file_ref idref="fl-13e"/>
      </object_component>
      <object_component id="oc-ac7">
         <name>.text:tcp_send_fin</name>
         <load_address>0x48cd4</load_address>
         <run_address>0x48cd4</run_address>
         <size>0x44</size>
         <input_file_ref idref="fl-8"/>
      </object_component>
      <object_component id="oc-964">
         <name>.text:tivaif_check_pbuf</name>
         <load_address>0x48d18</load_address>
         <run_address>0x48d18</run_address>
         <size>0x44</size>
         <input_file_ref idref="fl-8"/>
      </object_component>
      <object_component id="oc-418">
         <name>.text:dhcp_network_changed</name>
         <load_address>0x48d5c</load_address>
         <run_address>0x48d5c</run_address>
         <size>0x42</size>
         <input_file_ref idref="fl-8"/>
      </object_component>
      <object_component id="oc-722">
         <name>.text:dhcp_option_long</name>
         <load_address>0x48d9e</load_address>
         <run_address>0x48d9e</run_address>
         <size>0x42</size>
         <input_file_ref idref="fl-8"/>
      </object_component>
      <object_component id="oc-570">
         <name>.text</name>
         <load_address>0x48de0</load_address>
         <run_address>0x48de0</run_address>
         <size>0x42</size>
         <input_file_ref idref="fl-148"/>
      </object_component>
      <object_component id="oc-4a8">
         <name>.text:tcp_pcb_purge</name>
         <load_address>0x48e22</load_address>
         <run_address>0x48e22</run_address>
         <size>0x42</size>
         <input_file_ref idref="fl-8"/>
      </object_component>
      <object_component id="oc-15d">
         <name>.text:etharp_tmr</name>
         <load_address>0x48e64</load_address>
         <run_address>0x48e64</run_address>
         <size>0x40</size>
         <input_file_ref idref="fl-8"/>
      </object_component>
      <object_component id="oc-81c">
         <name>.text:DecodeHexEscape</name>
         <load_address>0x48ea4</load_address>
         <run_address>0x48ea4</run_address>
         <size>0x3e</size>
         <input_file_ref idref="fl-2"/>
      </object_component>
      <object_component id="oc-29a">
         <name>.text:netif_set_link_up</name>
         <load_address>0x48ee2</load_address>
         <run_address>0x48ee2</run_address>
         <size>0x3e</size>
         <input_file_ref idref="fl-8"/>
      </object_component>
      <object_component id="oc-16f">
         <name>.text:dhcp_coarse_tmr</name>
         <load_address>0x48f20</load_address>
         <run_address>0x48f20</run_address>
         <size>0x3c</size>
         <input_file_ref idref="fl-8"/>
      </object_component>
      <object_component id="oc-949">
         <name>.text:EMACIntEnable</name>
         <load_address>0x48f5c</load_address>
         <run_address>0x48f5c</run_address>
         <size>0x3a</size>
         <input_file_ref idref="fl-153"/>
      </object_component>
      <object_component id="oc-a88">
         <name>.text:fs_read</name>
         <load_address>0x48f96</load_address>
         <run_address>0x48f96</run_address>
         <size>0x3a</size>
         <input_file_ref idref="fl-5"/>
      </object_component>
      <object_component id="oc-2d0">
         <name>.text:DisplayIPAddress</name>
         <load_address>0x48fd0</load_address>
         <run_address>0x48fd0</run_address>
         <size>0x38</size>
         <input_file_ref idref="fl-3"/>
      </object_component>
      <object_component id="oc-175">
         <name>.text:dhcp_fine_tmr</name>
         <load_address>0x49008</load_address>
         <run_address>0x49008</run_address>
         <size>0x38</size>
         <input_file_ref idref="fl-8"/>
      </object_component>
      <object_component id="oc-753">
         <name>.text:dhcp_handle_nak</name>
         <load_address>0x49040</load_address>
         <run_address>0x49040</run_address>
         <size>0x38</size>
         <input_file_ref idref="fl-8"/>
      </object_component>
      <object_component id="oc-322">
         <name>.text:dhcp_stop</name>
         <load_address>0x49078</load_address>
         <run_address>0x49078</run_address>
         <size>0x38</size>
         <input_file_ref idref="fl-8"/>
      </object_component>
      <object_component id="oc-3b7">
         <name>.text:httpd_init_addr</name>
         <load_address>0x490b0</load_address>
         <run_address>0x490b0</run_address>
         <size>0x38</size>
         <input_file_ref idref="fl-b"/>
      </object_component>
      <object_component id="oc-3f1">
         <name>.text:io_get_ledstate</name>
         <load_address>0x490e8</load_address>
         <run_address>0x490e8</run_address>
         <size>0x38</size>
         <input_file_ref idref="fl-4"/>
      </object_component>
      <object_component id="oc-43f">
         <name>.text:memp_free</name>
         <load_address>0x49120</load_address>
         <run_address>0x49120</run_address>
         <size>0x38</size>
         <input_file_ref idref="fl-8"/>
      </object_component>
      <object_component id="oc-98f">
         <name>.text:tcpip_tcp_timer</name>
         <load_address>0x49158</load_address>
         <run_address>0x49158</run_address>
         <size>0x38</size>
         <input_file_ref idref="fl-8"/>
      </object_component>
      <object_component id="oc-5bc">
         <name>.text:udp_sendto</name>
         <load_address>0x49190</load_address>
         <run_address>0x49190</run_address>
         <size>0x38</size>
         <input_file_ref idref="fl-8"/>
      </object_component>
      <object_component id="oc-2a0">
         <name>.text:EMACConfigGet</name>
         <load_address>0x491c8</load_address>
         <run_address>0x491c8</run_address>
         <size>0x34</size>
         <input_file_ref idref="fl-153"/>
      </object_component>
      <object_component id="oc-2a6">
         <name>.text:EMACConfigSet</name>
         <load_address>0x491fc</load_address>
         <run_address>0x491fc</run_address>
         <size>0x34</size>
         <input_file_ref idref="fl-153"/>
      </object_component>
      <object_component id="oc-937">
         <name>.text:EMACIntClear</name>
         <load_address>0x49230</load_address>
         <run_address>0x49230</run_address>
         <size>0x34</size>
         <input_file_ref idref="fl-153"/>
      </object_component>
      <object_component id="oc-21b">
         <name>.text:LocatorAppTitleSet</name>
         <load_address>0x49264</load_address>
         <run_address>0x49264</run_address>
         <size>0x34</size>
         <input_file_ref idref="fl-7"/>
      </object_component>
      <object_component id="oc-581">
         <name>.text:SysCtlPeripheralReady</name>
         <load_address>0x49298</load_address>
         <run_address>0x49298</run_address>
         <size>0x34</size>
         <input_file_ref idref="fl-14f"/>
      </object_component>
      <object_component id="oc-2fe">
         <name>.text:autoip_arp_probe</name>
         <load_address>0x492cc</load_address>
         <run_address>0x492cc</run_address>
         <size>0x34</size>
         <input_file_ref idref="fl-8"/>
      </object_component>
      <object_component id="oc-7f7">
         <name>.text:http_poll</name>
         <load_address>0x49300</load_address>
         <run_address>0x49300</run_address>
         <size>0x34</size>
         <input_file_ref idref="fl-b"/>
      </object_component>
      <object_component id="oc-b26">
         <name>.text:io_set_animation_speed_string</name>
         <load_address>0x49334</load_address>
         <run_address>0x49334</run_address>
         <size>0x34</size>
         <input_file_ref idref="fl-4"/>
      </object_component>
      <object_component id="oc-af5">
         <name>.text</name>
         <load_address>0x49368</load_address>
         <run_address>0x49368</run_address>
         <size>0x34</size>
         <input_file_ref idref="fl-147"/>
      </object_component>
      <object_component id="oc-97a">
         <name>.text:tcp_kill_timewait</name>
         <load_address>0x4939c</load_address>
         <run_address>0x4939c</run_address>
         <size>0x34</size>
         <input_file_ref idref="fl-8"/>
      </object_component>
      <object_component id="oc-7b3">
         <name>.text:tcp_timer_needed</name>
         <load_address>0x493d0</load_address>
         <run_address>0x493d0</run_address>
         <size>0x34</size>
         <input_file_ref idref="fl-8"/>
      </object_component>
      <object_component id="oc-5a9">
         <name>.text:tivaif_init</name>
         <load_address>0x49404</load_address>
         <run_address>0x49404</run_address>
         <size>0x34</size>
         <input_file_ref idref="fl-8"/>
      </object_component>
      <object_component id="oc-685">
         <name>.text:ip4_addr_isbroadcast</name>
         <load_address>0x49438</load_address>
         <run_address>0x49438</run_address>
         <size>0x32</size>
         <input_file_ref idref="fl-8"/>
      </object_component>
      <object_component id="oc-8b6">
         <name>.text:tcp_recved</name>
         <load_address>0x4946a</load_address>
         <run_address>0x4946a</run_address>
         <size>0x32</size>
         <input_file_ref idref="fl-8"/>
      </object_component>
      <object_component id="oc-70e">
         <name>.text:dhcp_option_trailer</name>
         <load_address>0x4949c</load_address>
         <run_address>0x4949c</run_address>
         <size>0x30</size>
         <input_file_ref idref="fl-8"/>
      </object_component>
      <object_component id="oc-a22">
         <name>.text:tcp_update_rcv_ann_wnd</name>
         <load_address>0x494cc</load_address>
         <run_address>0x494cc</run_address>
         <size>0x30</size>
         <input_file_ref idref="fl-8"/>
      </object_component>
      <object_component id="oc-b20">
         <name>.text:ustrncmp</name>
         <load_address>0x494fc</load_address>
         <run_address>0x494fc</run_address>
         <size>0x30</size>
         <input_file_ref idref="fl-a"/>
      </object_component>
      <object_component id="oc-62c">
         <name>.text:FindCGIParameter</name>
         <load_address>0x4952c</load_address>
         <run_address>0x4952c</run_address>
         <size>0x2e</size>
         <input_file_ref idref="fl-2"/>
      </object_component>
      <object_component id="oc-931">
         <name>.text:EMACIntStatus</name>
         <load_address>0x4955a</load_address>
         <run_address>0x4955a</run_address>
         <size>0x2c</size>
         <input_file_ref idref="fl-153"/>
      </object_component>
      <object_component id="oc-632">
         <name>.text:GetCGIParam</name>
         <load_address>0x49586</load_address>
         <run_address>0x49586</run_address>
         <size>0x2c</size>
         <input_file_ref idref="fl-2"/>
      </object_component>
      <object_component id="oc-2f8">
         <name>.text:autoip_arp_announce</name>
         <load_address>0x495b4</load_address>
         <run_address>0x495b4</run_address>
         <size>0x2c</size>
         <input_file_ref idref="fl-8"/>
      </object_component>
      <object_component id="oc-74d">
         <name>.text:dhcp_handle_offer</name>
         <load_address>0x495e0</load_address>
         <run_address>0x495e0</run_address>
         <size>0x2c</size>
         <input_file_ref idref="fl-8"/>
      </object_component>
      <object_component id="oc-424">
         <name>.text:etharp_request</name>
         <load_address>0x4960c</load_address>
         <run_address>0x4960c</run_address>
         <size>0x2c</size>
         <input_file_ref idref="fl-8"/>
      </object_component>
      <object_component id="oc-490">
         <name>.text:tcp_rexmit_rto</name>
         <load_address>0x49638</load_address>
         <run_address>0x49638</run_address>
         <size>0x2c</size>
         <input_file_ref idref="fl-8"/>
      </object_component>
      <object_component id="oc-512">
         <name>.text:udp_remove</name>
         <load_address>0x49664</load_address>
         <run_address>0x49664</run_address>
         <size>0x2c</size>
         <input_file_ref idref="fl-8"/>
      </object_component>
      <object_component id="oc-558">
         <name>.text:GPIODirModeSet</name>
         <load_address>0x49690</load_address>
         <run_address>0x49690</run_address>
         <size>0x2a</size>
         <input_file_ref idref="fl-151"/>
      </object_component>
      <object_component id="oc-9c9">
         <name>.text:HexDigit</name>
         <load_address>0x496ba</load_address>
         <run_address>0x496ba</run_address>
         <size>0x2a</size>
         <input_file_ref idref="fl-2"/>
      </object_component>
      <object_component id="oc-2f2">
         <name>.text:autoip_bind</name>
         <load_address>0x496e4</load_address>
         <run_address>0x496e4</run_address>
         <size>0x2a</size>
         <input_file_ref idref="fl-8"/>
      </object_component>
      <object_component id="oc-47">
         <name>.text:AnimTimerIntHandler</name>
         <load_address>0x49710</load_address>
         <run_address>0x49710</run_address>
         <size>0x28</size>
         <input_file_ref idref="fl-3"/>
      </object_component>
      <object_component id="oc-73d">
         <name>.text:etharp_cleanup_netif</name>
         <load_address>0x49738</load_address>
         <run_address>0x49738</run_address>
         <size>0x28</size>
         <input_file_ref idref="fl-8"/>
      </object_component>
      <object_component id="oc-28e">
         <name>.text:EMACPHYRead</name>
         <load_address>0x49760</load_address>
         <run_address>0x49760</run_address>
         <size>0x26</size>
         <input_file_ref idref="fl-153"/>
      </object_component>
      <object_component id="oc-925">
         <name>.text:EMACPHYWrite</name>
         <load_address>0x49786</load_address>
         <run_address>0x49786</run_address>
         <size>0x26</size>
         <input_file_ref idref="fl-153"/>
      </object_component>
      <object_component id="oc-4f8">
         <name>.text:dhcp_check</name>
         <load_address>0x497ac</load_address>
         <run_address>0x497ac</run_address>
         <size>0x26</size>
         <input_file_ref idref="fl-8"/>
      </object_component>
      <object_component id="oc-9af">
         <name>.text:http_state_free</name>
         <load_address>0x497d2</load_address>
         <run_address>0x497d2</run_address>
         <size>0x26</size>
         <input_file_ref idref="fl-b"/>
      </object_component>
      <object_component id="oc-a6f">
         <name>.text</name>
         <load_address>0x497f8</load_address>
         <run_address>0x497f8</run_address>
         <size>0x26</size>
         <input_file_ref idref="fl-146"/>
      </object_component>
      <object_component id="oc-227">
         <name>.text:IntPrioritySet</name>
         <load_address>0x49820</load_address>
         <run_address>0x49820</run_address>
         <size>0x24</size>
         <input_file_ref idref="fl-150"/>
      </object_component>
      <object_component id="oc-2da">
         <name>.text:etharp_free_entry</name>
         <load_address>0x49844</load_address>
         <run_address>0x49844</run_address>
         <size>0x24</size>
         <input_file_ref idref="fl-8"/>
      </object_component>
      <object_component id="oc-3e5">
         <name>.text:io_is_led_on</name>
         <load_address>0x49868</load_address>
         <run_address>0x49868</run_address>
         <size>0x24</size>
         <input_file_ref idref="fl-4"/>
      </object_component>
      <object_component id="oc-4cf">
         <name>.text:netif_set_up</name>
         <load_address>0x4988c</load_address>
         <run_address>0x4988c</run_address>
         <size>0x24</size>
         <input_file_ref idref="fl-8"/>
      </object_component>
      <object_component id="oc-2b4">
         <name>.text:pbuf_cat</name>
         <load_address>0x498b0</load_address>
         <run_address>0x498b0</run_address>
         <size>0x24</size>
         <input_file_ref idref="fl-8"/>
      </object_component>
      <object_component id="oc-ab5">
         <name>.text:tcp_seg_copy</name>
         <load_address>0x498d4</load_address>
         <run_address>0x498d4</run_address>
         <size>0x24</size>
         <input_file_ref idref="fl-8"/>
      </object_component>
      <object_component id="oc-708">
         <name>.text:dhcp_option_short</name>
         <load_address>0x498f8</load_address>
         <run_address>0x498f8</run_address>
         <size>0x22</size>
         <input_file_ref idref="fl-8"/>
      </object_component>
      <object_component id="oc-7c7">
         <name>.text:http_state_alloc</name>
         <load_address>0x4991a</load_address>
         <run_address>0x4991a</run_address>
         <size>0x22</size>
         <input_file_ref idref="fl-b"/>
      </object_component>
      <object_component id="oc-447">
         <name>.text</name>
         <load_address>0x4993c</load_address>
         <run_address>0x4993c</run_address>
         <size>0x22</size>
         <input_file_ref idref="fl-13f"/>
      </object_component>
      <object_component id="oc-801">
         <name>.text:ustrncpy</name>
         <load_address>0x4995e</load_address>
         <run_address>0x4995e</run_address>
         <size>0x22</size>
         <input_file_ref idref="fl-a"/>
      </object_component>
      <object_component id="oc-9c3">
         <name>.text:IsValidHexDigit</name>
         <load_address>0x49980</load_address>
         <run_address>0x49980</run_address>
         <size>0x20</size>
         <input_file_ref idref="fl-2"/>
      </object_component>
      <object_component id="oc-215">
         <name>.text:LocatorMACAddrSet</name>
         <load_address>0x499a0</load_address>
         <run_address>0x499a0</run_address>
         <size>0x20</size>
         <input_file_ref idref="fl-7"/>
      </object_component>
      <object_component id="oc-829">
         <name>.text:autoip_handle_arp_conflict</name>
         <load_address>0x499c0</load_address>
         <run_address>0x499c0</run_address>
         <size>0x20</size>
         <input_file_ref idref="fl-8"/>
      </object_component>
      <object_component id="oc-702">
         <name>.text:dhcp_option</name>
         <load_address>0x499e0</load_address>
         <run_address>0x499e0</run_address>
         <size>0x20</size>
         <input_file_ref idref="fl-8"/>
      </object_component>
      <object_component id="oc-83c">
         <name>.text:etharp_send_ip</name>
         <load_address>0x49a00</load_address>
         <run_address>0x49a00</run_address>
         <size>0x20</size>
         <input_file_ref idref="fl-8"/>
      </object_component>
      <object_component id="oc-8f">
         <name>.text:lwIPTimer</name>
         <load_address>0x49a20</load_address>
         <run_address>0x49a20</run_address>
         <size>0x20</size>
         <input_file_ref idref="fl-8"/>
      </object_component>
      <object_component id="oc-8a7">
         <name>.text:tcp_eff_send_mss</name>
         <load_address>0x49a40</load_address>
         <run_address>0x49a40</run_address>
         <size>0x20</size>
         <input_file_ref idref="fl-8"/>
      </object_component>
      <object_component id="oc-6cc">
         <name>.text:tcp_recv_null</name>
         <load_address>0x49a60</load_address>
         <run_address>0x49a60</run_address>
         <size>0x20</size>
         <input_file_ref idref="fl-8"/>
      </object_component>
      <object_component id="oc-163">
         <name>.text:tcp_tmr</name>
         <load_address>0x49a80</load_address>
         <run_address>0x49a80</run_address>
         <size>0x20</size>
         <input_file_ref idref="fl-8"/>
      </object_component>
      <object_component id="oc-476">
         <name>.text:usprintf</name>
         <load_address>0x49aa0</load_address>
         <run_address>0x49aa0</run_address>
         <size>0x20</size>
         <input_file_ref idref="fl-a"/>
      </object_component>
      <object_component id="oc-919">
         <name>.text:EMACAddrGet</name>
         <load_address>0x49ac0</load_address>
         <run_address>0x49ac0</run_address>
         <size>0x1e</size>
         <input_file_ref idref="fl-153"/>
      </object_component>
      <object_component id="oc-51f">
         <name>.text:netif_set_down</name>
         <load_address>0x49ade</load_address>
         <run_address>0x49ade</run_address>
         <size>0x1e</size>
         <input_file_ref idref="fl-8"/>
      </object_component>
      <object_component id="oc-344">
         <name>.text:_SysCtlMemTimingGet</name>
         <load_address>0x49afc</load_address>
         <run_address>0x49afc</run_address>
         <size>0x1c</size>
         <input_file_ref idref="fl-14f"/>
      </object_component>
      <object_component id="oc-22d">
         <name>.text:http_set_ssi_handler</name>
         <load_address>0x49b18</load_address>
         <run_address>0x49b18</run_address>
         <size>0x1c</size>
         <input_file_ref idref="fl-b"/>
      </object_component>
      <object_component id="oc-638">
         <name>.text:io_set_led</name>
         <load_address>0x49b34</load_address>
         <run_address>0x49b34</run_address>
         <size>0x1c</size>
         <input_file_ref idref="fl-4"/>
      </object_component>
      <object_component id="oc-2ca">
         <name>.text:lwIPLocalIPAddrGet</name>
         <load_address>0x49b50</load_address>
         <run_address>0x49b50</run_address>
         <size>0x1c</size>
         <input_file_ref idref="fl-8"/>
      </object_component>
      <object_component id="oc-31c">
         <name>.text:netif_set_addr</name>
         <load_address>0x49b6c</load_address>
         <run_address>0x49b6c</run_address>
         <size>0x1c</size>
         <input_file_ref idref="fl-8"/>
      </object_component>
      <object_component id="oc-395">
         <name>.text:udp_new</name>
         <load_address>0x49b88</load_address>
         <run_address>0x49b88</run_address>
         <size>0x1c</size>
         <input_file_ref idref="fl-8"/>
      </object_component>
      <object_component id="oc-1eb">
         <name>.text:UARTprintf</name>
         <load_address>0x49ba4</load_address>
         <run_address>0x49ba4</run_address>
         <size>0x1a</size>
         <input_file_ref idref="fl-9"/>
      </object_component>
      <object_component id="oc-41e">
         <name>.text:autoip_network_changed</name>
         <load_address>0x49bbe</load_address>
         <run_address>0x49bbe</run_address>
         <size>0x1a</size>
         <input_file_ref idref="fl-8"/>
      </object_component>
      <object_component id="oc-671">
         <name>.text:dhcp_arp_reply</name>
         <load_address>0x49bd8</load_address>
         <run_address>0x49bd8</run_address>
         <size>0x1a</size>
         <input_file_ref idref="fl-8"/>
      </object_component>
      <object_component id="oc-594">
         <name>.text:lwip_htonl</name>
         <load_address>0x49bf2</load_address>
         <run_address>0x49bf2</run_address>
         <size>0x1a</size>
         <input_file_ref idref="fl-8"/>
      </object_component>
      <object_component id="oc-3d9">
         <name>.text:usnprintf</name>
         <load_address>0x49c0c</load_address>
         <run_address>0x49c0c</run_address>
         <size>0x1a</size>
         <input_file_ref idref="fl-a"/>
      </object_component>
      <object_component id="oc-8ff">
         <name>.text:arp_timer</name>
         <load_address>0x49c28</load_address>
         <run_address>0x49c28</run_address>
         <size>0x18</size>
         <input_file_ref idref="fl-8"/>
      </object_component>
      <object_component id="oc-911">
         <name>.text:autoip_timer</name>
         <load_address>0x49c40</load_address>
         <run_address>0x49c40</run_address>
         <size>0x18</size>
         <input_file_ref idref="fl-8"/>
      </object_component>
      <object_component id="oc-905">
         <name>.text:dhcp_timer_coarse</name>
         <load_address>0x49c58</load_address>
         <run_address>0x49c58</run_address>
         <size>0x18</size>
         <input_file_ref idref="fl-8"/>
      </object_component>
      <object_component id="oc-90b">
         <name>.text:dhcp_timer_fine</name>
         <load_address>0x49c70</load_address>
         <run_address>0x49c70</run_address>
         <size>0x18</size>
         <input_file_ref idref="fl-8"/>
      </object_component>
      <object_component id="oc-3df">
         <name>.text:io_get_animation_speed_string</name>
         <load_address>0x49c88</load_address>
         <run_address>0x49c88</run_address>
         <size>0x18</size>
         <input_file_ref idref="fl-4"/>
      </object_component>
      <object_component id="oc-466">
         <name>.text:pbuf_pool_is_empty</name>
         <load_address>0x49ca0</load_address>
         <run_address>0x49ca0</run_address>
         <size>0x18</size>
         <input_file_ref idref="fl-8"/>
      </object_component>
      <object_component id="oc-5b">
         <name>.text</name>
         <load_address>0x49cb8</load_address>
         <run_address>0x49cb8</run_address>
         <size>0x18</size>
         <input_file_ref idref="fl-14a"/>
      </object_component>
      <object_component id="oc-80c">
         <name>.text</name>
         <load_address>0x49cd0</load_address>
         <run_address>0x49cd0</run_address>
         <size>0x18</size>
         <input_file_ref idref="fl-144"/>
      </object_component>
      <object_component id="oc-986">
         <name>.text:tcp_next_iss</name>
         <load_address>0x49ce8</load_address>
         <run_address>0x49ce8</run_address>
         <size>0x18</size>
         <input_file_ref idref="fl-8"/>
      </object_component>
      <object_component id="oc-6c4">
         <name>.text:tcp_seg_free</name>
         <load_address>0x49d00</load_address>
         <run_address>0x49d00</run_address>
         <size>0x18</size>
         <input_file_ref idref="fl-8"/>
      </object_component>
      <object_component id="oc-587">
         <name>.text:EMACReset</name>
         <load_address>0x49d18</load_address>
         <run_address>0x49d18</run_address>
         <size>0x16</size>
         <input_file_ref idref="fl-153"/>
      </object_component>
      <object_component id="oc-943">
         <name>.text:EMACRxEnable</name>
         <load_address>0x49d2e</load_address>
         <run_address>0x49d2e</run_address>
         <size>0x16</size>
         <input_file_ref idref="fl-153"/>
      </object_component>
      <object_component id="oc-93d">
         <name>.text:EMACTxEnable</name>
         <load_address>0x49d44</load_address>
         <run_address>0x49d44</run_address>
         <size>0x16</size>
         <input_file_ref idref="fl-153"/>
      </object_component>
      <object_component id="oc-71a">
         <name>.text:dhcp_delete_msg</name>
         <load_address>0x49d5a</load_address>
         <run_address>0x49d5a</run_address>
         <size>0x16</size>
         <input_file_ref idref="fl-8"/>
      </object_component>
      <object_component id="oc-306">
         <name>.text:dhcp_t1_timeout</name>
         <load_address>0x49d70</load_address>
         <run_address>0x49d70</run_address>
         <size>0x16</size>
         <input_file_ref idref="fl-8"/>
      </object_component>
      <object_component id="oc-30c">
         <name>.text:dhcp_t2_timeout</name>
         <load_address>0x49d86</load_address>
         <run_address>0x49d86</run_address>
         <size>0x16</size>
         <input_file_ref idref="fl-8"/>
      </object_component>
      <object_component id="oc-7f1">
         <name>.text:http_sent</name>
         <load_address>0x49d9c</load_address>
         <run_address>0x49d9c</run_address>
         <size>0x16</size>
         <input_file_ref idref="fl-b"/>
      </object_component>
      <object_component id="oc-8d4">
         <name>.text:pbuf_ref</name>
         <load_address>0x49db2</load_address>
         <run_address>0x49db2</run_address>
         <size>0x16</size>
         <input_file_ref idref="fl-8"/>
      </object_component>
      <object_component id="oc-add">
         <name>.text</name>
         <load_address>0x49dc8</load_address>
         <run_address>0x49dc8</run_address>
         <size>0x16</size>
         <input_file_ref idref="fl-143"/>
      </object_component>
      <object_component id="oc-203">
         <name>.text:FlashUserGet</name>
         <load_address>0x49de0</load_address>
         <run_address>0x49de0</run_address>
         <size>0x14</size>
         <input_file_ref idref="fl-152"/>
      </object_component>
      <object_component id="oc-1f7">
         <name>.text:SysTickEnable</name>
         <load_address>0x49df4</load_address>
         <run_address>0x49df4</run_address>
         <size>0x14</size>
         <input_file_ref idref="fl-14e"/>
      </object_component>
      <object_component id="oc-1fd">
         <name>.text:SysTickIntEnable</name>
         <load_address>0x49e08</load_address>
         <run_address>0x49e08</run_address>
         <size>0x14</size>
         <input_file_ref idref="fl-14e"/>
      </object_component>
      <object_component id="oc-233">
         <name>.text:http_set_cgi_handlers</name>
         <load_address>0x49e1c</load_address>
         <run_address>0x49e1c</run_address>
         <size>0x14</size>
         <input_file_ref idref="fl-b"/>
      </object_component>
      <object_component id="oc-63e">
         <name>.text:io_set_animation_speed</name>
         <load_address>0x49e30</load_address>
         <run_address>0x49e30</run_address>
         <size>0x14</size>
         <input_file_ref idref="fl-4"/>
      </object_component>
      <object_component id="oc-261">
         <name>.text</name>
         <load_address>0x49e44</load_address>
         <run_address>0x49e44</run_address>
         <size>0x14</size>
         <input_file_ref idref="fl-149"/>
      </object_component>
      <object_component id="oc-3f7">
         <name>.text</name>
         <load_address>0x49e58</load_address>
         <run_address>0x49e58</run_address>
         <size>0x14</size>
         <input_file_ref idref="fl-145"/>
      </object_component>
      <object_component id="oc-433">
         <name>.text:sys_arch_unprotect</name>
         <load_address>0x49e6c</load_address>
         <run_address>0x49e6c</run_address>
         <size>0x14</size>
         <input_file_ref idref="fl-8"/>
      </object_component>
      <object_component id="oc-8b0">
         <name>.text:tcp_close</name>
         <load_address>0x49e80</load_address>
         <run_address>0x49e80</run_address>
         <size>0x14</size>
         <input_file_ref idref="fl-8"/>
      </object_component>
      <object_component id="oc-360">
         <name>.text:GPIOPinTypeEthernetLED</name>
         <load_address>0x49e94</load_address>
         <run_address>0x49e94</run_address>
         <size>0x12</size>
         <input_file_ref idref="fl-151"/>
      </object_component>
      <object_component id="oc-1c">
         <name>.text:decompress:ZI</name>
         <load_address>0x49ea6</load_address>
         <run_address>0x49ea6</run_address>
[...]
      </symbol>
      <symbol id="sm-100a">
         <name>tcp_sent</name>
         <value>0x4a09f</value>
         <object_component_ref idref="oc-7df"/>
      </symbol>
      <symbol id="sm-100b">
         <name>tcp_tmr</name>
         <value>0x49a81</value>
         <object_component_ref idref="oc-163"/>
      </symbol>
      <symbol id="sm-100c">
         <name>autoip_tmr</name>
         <value>0x45cd9</value>
         <object_component_ref idref="oc-169"/>
      </symbol>
      <symbol id="sm-100d">
         <name>tcp_eff_send_mss</name>
         <value>0x49a41</value>
         <object_component_ref idref="oc-8a7"/>
      </symbol>
      <symbol id="sm-100e">
         <name>tcp_process_refused_data</name>
         <value>0x47b05</value>
         <object_component_ref idref="oc-486"/>
      </symbol>
      <symbol id="sm-100f">
         <name>tcp_listen_with_backlog</name>
         <value>0x46a65</value>
         <object_component_ref idref="oc-5dd"/>
      </symbol>
      <symbol id="sm-1010">
         <name>udp_remove</name>
         <value>0x49665</value>
         <object_component_ref idref="oc-512"/>
      </symbol>
      <symbol id="sm-1011">
         <name>dhcp_rx_options_val</name>
         <value>0x20017ae4</value>
         <object_component_ref idref="oc-760"/>
      </symbol>
      <symbol id="sm-1012">
         <name>udp_connect</name>
         <value>0x48bc1</value>
         <object_component_ref idref="oc-52b"/>
      </symbol>
      <symbol id="sm-1013">
         <name>dhcp_arp_reply</name>
         <value>0x49bd9</value>
         <object_component_ref idref="oc-671"/>
      </symbol>
      <symbol id="sm-1014">
         <name>netif_add</name>
         <value>0x48435</value>
         <object_component_ref idref="oc-59a"/>
      </symbol>
      <symbol id="sm-1015">
         <name>tcp_seg_copy</name>
         <value>0x498d5</value>
         <object_component_ref idref="oc-ab5"/>
      </symbol>
      <symbol id="sm-1016">
         <name>netif_set_default</name>
         <value>0x49fd1</value>
         <object_component_ref idref="oc-5a0"/>
      </symbol>
      <symbol id="sm-1017">
         <name>tcp_accept</name>
         <value>0x4a097</value>
         <object_component_ref idref="oc-5e9"/>
      </symbol>
      <symbol id="sm-1018">
         <name>sys_now</name>
         <value>0x49ff5</value>
         <object_component_ref idref="oc-8f9"/>
      </symbol>
      <symbol id="sm-1019">
         <name>ip_route</name>
         <value>0x4884d</value>
         <object_component_ref idref="oc-79e"/>
      </symbol>
      <symbol id="sm-101a">
         <name>tcp_pcb_remove</name>
         <value>0x48115</value>
         <object_component_ref idref="oc-87e"/>
      </symbol>
      <symbol id="sm-101b">
         <name>g_RxDescList</name>
         <value>0x20018014</value>
         <object_component_ref idref="oc-f1"/>
      </symbol>
      <symbol id="sm-101c">
         <name>g_TxDescList</name>
         <value>0x20018004</value>
         <object_component_ref idref="oc-f1"/>
      </symbol>
      <symbol id="sm-101d">
         <name>sys_timeout</name>
         <value>0x47ee5</value>
         <object_component_ref idref="oc-8f3"/>
      </symbol>
      <symbol id="sm-101e">
         <name>etharp_tmr</name>
         <value>0x48e65</value>
         <object_component_ref idref="oc-15d"/>
      </symbol>
      <symbol id="sm-101f">
         <name>tcp_abort</name>
         <value>0x4a06b</value>
         <object_component_ref idref="oc-6f3"/>
      </symbol>
      <symbol id="sm-1020">
         <name>mem_trim</name>
         <value>0x454c1</value>
         <object_component_ref idref="oc-852"/>
      </symbol>
      <symbol id="sm-1021">
         <name>dhcp_renew</name>
         <value>0x47181</value>
         <object_component_ref idref="oc-4de"/>
      </symbol>
      <symbol id="sm-1022">
         <name>tcp_setprio</name>
         <value>0x4a0a3</value>
         <object_component_ref idref="oc-5d1"/>
      </symbol>
      <symbol id="sm-1023">
         <name>lwip_stats</name>
         <value>0x20017870</value>
         <object_component_ref idref="oc-2c6"/>
      </symbol>
      <symbol id="sm-1091">
         <name>UARTStdioConfig</name>
         <value>0x47e85</value>
         <object_component_ref idref="oc-1e5"/>
      </symbol>
      <symbol id="sm-1092">
         <name>UARTwrite</name>
         <value>0x489c9</value>
         <object_component_ref idref="oc-56a"/>
      </symbol>
      <symbol id="sm-1093">
         <name>UARTprintf</name>
         <value>0x49ba5</value>
         <object_component_ref idref="oc-1eb"/>
      </symbol>
      <symbol id="sm-1094">
         <name>UARTvprintf</name>
         <value>0x43e3d</value>
         <object_component_ref idref="oc-373"/>
      </symbol>
      <symbol id="sm-10f1">
         <name>uvsnprintf</name>
         <value>0x431e5</value>
         <object_component_ref idref="oc-619"/>
      </symbol>
      <symbol id="sm-10f2">
         <name>ustrncpy</name>
         <value>0x4995f</value>
         <object_component_ref idref="oc-801"/>
      </symbol>
      <symbol id="sm-10f3">
         <name>usprintf</name>
         <value>0x49aa1</value>
         <object_component_ref idref="oc-476"/>
      </symbol>
      <symbol id="sm-10f4">
         <name>usnprintf</name>
         <value>0x49c0d</value>
         <object_component_ref idref="oc-3d9"/>
      </symbol>
      <symbol id="sm-10f5">
         <name>ustrncmp</name>
         <value>0x494fd</value>
         <object_component_ref idref="oc-b20"/>
      </symbol>
      <symbol id="sm-12dc">
         <name>g_pCGIs</name>
         <value>0x20017b70</value>
      </symbol>
      <symbol id="sm-12dd">
         <name>g_iNumCGIs</name>
         <value>0x20017b6c</value>
      </symbol>
      <symbol id="sm-12de">
         <name>g_iNumTags</name>
         <value>0x20018070</value>
         <object_component_ref idref="oc-3c3"/>
      </symbol>
      <symbol id="sm-12df">
         <name>http_set_cgi_handlers</name>
         <value>0x49e1d</value>
         <object_component_ref idref="oc-233"/>
      </symbol>
      <symbol id="sm-12e0">
         <name>g_pcSSIExtensions</name>
         <value>0x4187c</value>
         <object_component_ref idref="oc-b03"/>
      </symbol>
      <symbol id="sm-12e1">
         <name>httpd_init</name>
         <value>0x49fa1</value>
         <object_component_ref idref="oc-221"/>
      </symbol>
      <symbol id="sm-12e2">
         <name>g_ppcTags</name>
         <value>0x20018074</value>
         <object_component_ref idref="oc-3c3"/>
      </symbol>
      <symbol id="sm-12e3">
         <name>g_pcTagLeadIn</name>
         <value>0x4188c</value>
         <object_component_ref idref="oc-b03"/>
      </symbol>
      <symbol id="sm-12e4">
         <name>g_pfnSSIHandler</name>
         <value>0x2001806c</value>
         <object_component_ref idref="oc-3c3"/>
      </symbol>
      <symbol id="sm-12e5">
         <name>http_set_ssi_handler</name>
         <value>0x49b19</value>
         <object_component_ref idref="oc-22d"/>
      </symbol>
      <symbol id="sm-12e6">
         <name>g_psDefaultFilenames</name>
         <value>0x41838</value>
         <object_component_ref idref="oc-b06"/>
      </symbol>
      <symbol id="sm-12e7">
         <name>g_pcTagLeadOut</name>
         <value>0x41890</value>
         <object_component_ref idref="oc-b03"/>
      </symbol>
      <symbol id="sm-1305">
         <name>PinoutSet</name>
         <value>0x4364d</value>
         <object_component_ref idref="oc-1df"/>
      </symbol>
      <symbol id="sm-1315">
         <name>_c_int00</name>
         <value>0x48ae9</value>
         <object_component_ref idref="oc-11"/>
      </symbol>
      <symbol id="sm-1316">
         <name>__stack</name>
         <value>0x20017c00</value>
         <object_component_ref idref="oc-28"/>
      </symbol>
      <symbol id="sm-132d">
         <name>__TI_decompress_none</name>
         <value>0x49f61</value>
         <object_component_ref idref="oc-16"/>
      </symbol>
      <symbol id="sm-1351">
         <name>__TI_decompress_rle24</name>
         <value>0x4a065</value>
         <object_component_ref idref="oc-22"/>
      </symbol>
      <symbol id="sm-1365">
         <name>__TI_zero_init</name>
         <value>0x49ea7</value>
         <object_component_ref idref="oc-1c"/>
      </symbol>
      <symbol id="sm-1384">
         <name>C$$EXIT</name>
         <value>0x48c91</value>
         <object_component_ref idref="oc-61"/>
      </symbol>
      <symbol id="sm-1385">
         <name>abort</name>
         <value>0x48c95</value>
         <object_component_ref idref="oc-61"/>
      </symbol>
      <symbol id="sm-1386">
         <name>exit</name>
         <value>0x48c9d</value>
         <object_component_ref idref="oc-61"/>
      </symbol>
      <symbol id="sm-1387">
         <name>__TI_dtors_ptr</name>
         <value>0x20018084</value>
         <object_component_ref idref="oc-d7"/>
      </symbol>
      <symbol id="sm-1388">
         <name>__TI_cleanup_ptr</name>
         <value>0x20018080</value>
         <object_component_ref idref="oc-d7"/>
      </symbol>
      <symbol id="sm-1398">
         <name>memcmp</name>
         <value>0x4993d</value>
         <object_component_ref idref="oc-447"/>
      </symbol>
      <symbol id="sm-13b3">
         <name>memcpy</name>
         <value>0x469c7</value>
         <object_component_ref idref="oc-6b"/>
      </symbol>
      <symbol id="sm-13b4">
         <name>__aeabi_memcpy</name>
         <value>0x469c7</value>
         <object_component_ref idref="oc-6b"/>
      </symbol>
      <symbol id="sm-13b5">
         <name>__aeabi_memcpy8</name>
         <value>0x469c7</value>
         <object_component_ref idref="oc-6b"/>
      </symbol>
      <symbol id="sm-13b6">
         <name>__aeabi_memcpy4</name>
         <value>0x469c7</value>
         <object_component_ref idref="oc-6b"/>
      </symbol>
      <symbol id="sm-13c5">
         <name>__aeabi_memset</name>
         <value>0x474ef</value>
         <object_component_ref idref="oc-526"/>
      </symbol>
      <symbol id="sm-13c6">
         <name>memset</name>
         <value>0x474f5</value>
         <object_component_ref idref="oc-526"/>
      </symbol>
      <symbol id="sm-13c7">
         <name>__aeabi_memset8</name>
         <value>0x474ef</value>
         <object_component_ref idref="oc-526"/>
      </symbol>
      <symbol id="sm-13c8">
         <name>__aeabi_memset4</name>
         <value>0x474ef</value>
         <object_component_ref idref="oc-526"/>
      </symbol>
      <symbol id="sm-13c9">
         <name>__aeabi_memclr8</name>
         <value>0x474ed</value>
         <object_component_ref idref="oc-526"/>
      </symbol>
      <symbol id="sm-13ca">
         <name>__aeabi_memclr4</name>
         <value>0x474ed</value>
         <object_component_ref idref="oc-526"/>
      </symbol>
      <symbol id="sm-13cb">
         <name>__aeabi_memclr</name>
         <value>0x474ed</value>
         <object_component_ref idref="oc-526"/>
      </symbol>
      <symbol id="sm-13d3">
         <name>main_func_sp</name>
         <value>0x20018094</value>
         <object_component_ref idref="oc-67"/>
      </symbol>
      <symbol id="sm-13e3">
         <name>strchr</name>
         <value>0x49dc9</value>
         <object_component_ref idref="oc-add"/>
      </symbol>
      <symbol id="sm-13f2">
         <name>strcmp</name>
         <value>0x49cd1</value>
         <object_component_ref idref="oc-80c"/>
      </symbol>
      <symbol id="sm-1400">
         <name>strlen</name>
         <value>0x49e59</value>
         <object_component_ref idref="oc-3f7"/>
      </symbol>
      <symbol id="sm-1410">
         <name>strncmp</name>
         <value>0x497f9</value>
         <object_component_ref idref="oc-a6f"/>
      </symbol>
      <symbol id="sm-1423">
         <name>strstr</name>
         <value>0x49369</value>
         <object_component_ref idref="oc-af5"/>
      </symbol>
      <symbol id="sm-1433">
         <name>__aeabi_uidivmod</name>
         <value>0x48de1</value>
         <object_component_ref idref="oc-570"/>
      </symbol>
      <symbol id="sm-144c">
         <name>_nop</name>
         <value>0x49e53</value>
         <object_component_ref idref="oc-261"/>
      </symbol>
      <symbol id="sm-144d">
         <name>_lock</name>
         <value>0x20018078</value>
         <object_component_ref idref="oc-d4"/>
      </symbol>
      <symbol id="sm-144e">
         <name>_unlock</name>
         <value>0x2001807c</value>
         <object_component_ref idref="oc-d4"/>
      </symbol>
      <symbol id="sm-144f">
         <name>_register_lock</name>
         <value>0x49e4b</value>
         <object_component_ref idref="oc-261"/>
      </symbol>
      <symbol id="sm-1450">
         <name>_register_unlock</name>
         <value>0x49e45</value>
         <object_component_ref idref="oc-261"/>
      </symbol>
      <symbol id="sm-1464">
         <name>_args_main</name>
         <value>0x49cb9</value>
         <object_component_ref idref="oc-5b"/>
      </symbol>
      <symbol id="sm-1481">
         <name>__TI_auto_init</name>
         <value>0x46b99</value>
         <object_component_ref idref="oc-56"/>
      </symbol>
      <symbol id="sm-149a">
         <name>copy_in</name>
         <value>0x48c4d</value>
         <object_component_ref idref="oc-c5"/>
      </symbol>
      <symbol id="sm-14b1">
         <name>TimerIntClear</name>
         <value>0x4a08f</value>
         <object_component_ref idref="oc-96"/>
      </symbol>
      <symbol id="sm-14d4">
         <name>SysTickEnable</name>
         <value>0x49df5</value>
         <object_component_ref idref="oc-1f7"/>
      </symbol>
      <symbol id="sm-14d5">
         <name>SysTickIntEnable</name>
         <value>0x49e09</value>
         <object_component_ref idref="oc-1fd"/>
      </symbol>
      <symbol id="sm-14d6">
         <name>SysTickPeriodSet</name>
         <value>0x49f11</value>
         <object_component_ref idref="oc-1f1"/>
      </symbol>
      <symbol id="sm-1566">
         <name>SysCtlDelay</name>
         <value>0x4a059</value>
         <object_component_ref idref="oc-2d6"/>
      </symbol>
      <symbol id="sm-1567">
         <name>SysCtlMOSCConfigSet</name>
         <value>0x49f89</value>
         <object_component_ref idref="oc-1d3"/>
      </symbol>
      <symbol id="sm-1568">
         <name>SysCtlPeripheralReady</name>
         <value>0x49299</value>
         <object_component_ref idref="oc-581"/>
      </symbol>
      <symbol id="sm-1569">
         <name>SysCtlClockFreqSet</name>
         <value>0x43861</value>
         <object_component_ref idref="oc-1d9"/>
      </symbol>
      <symbol id="sm-156a">
         <name>SysCtlPeripheralReset</name>
         <value>0x485d1</value>
         <object_component_ref idref="oc-57b"/>
      </symbol>
      <symbol id="sm-15a9">
         <name>IntPrioritySet</name>
         <value>0x49821</value>
         <object_component_ref idref="oc-227"/>
      </symbol>
      <symbol id="sm-15aa">
         <name>IntEnable</name>
         <value>0x47e25</value>
         <object_component_ref idref="oc-94f"/>
      </symbol>
      <symbol id="sm-15ab">
         <name>IntMasterEnable</name>
         <value>0x4a001</value>
         <object_component_ref idref="oc-955"/>
      </symbol>
      <symbol id="sm-15e0">
         <name>GPIOPinRead</name>
         <value>0x4a047</value>
         <object_component_ref idref="oc-23f"/>
      </symbol>
      <symbol id="sm-15e1">
         <name>GPIODirModeSet</name>
         <value>0x49691</value>
         <object_component_ref idref="oc-558"/>
      </symbol>
      <symbol id="sm-15e2">
         <name>GPIOPinWrite</name>
         <value>0x4a04d</value>
         <object_component_ref idref="oc-245"/>
      </symbol>
      <symbol id="sm-15e3">
         <name>GPIOPadConfigSet</name>
         <value>0x448d5</value>
         <object_component_ref idref="oc-35a"/>
      </symbol>
      <symbol id="sm-15e4">
         <name>GPIOPinTypeEthernetLED</name>
         <value>0x49e95</value>
         <object_component_ref idref="oc-360"/>
      </symbol>
      <symbol id="sm-15f3">
         <name>FlashUserGet</name>
         <value>0x49de1</value>
         <object_component_ref idref="oc-203"/>
      </symbol>
      <symbol id="sm-16ad">
         <name>EMACConfigSet</name>
         <value>0x491fd</value>
         <object_component_ref idref="oc-2a6"/>
      </symbol>
      <symbol id="sm-16ae">
         <name>EMACTxEnable</name>
         <value>0x49d45</value>
         <object_component_ref idref="oc-93d"/>
      </symbol>
      <symbol id="sm-16af">
         <name>EMACRxDMADescriptorListSet</name>
         <value>0x4a035</value>
         <object_component_ref idref="oc-a3b"/>
      </symbol>
      <symbol id="sm-16b0">
         <name>EMACPHYConfigSet</name>
         <value>0x48281</value>
         <object_component_ref idref="oc-385"/>
      </symbol>
      <symbol id="sm-16b1">
         <name>EMACPHYRead</name>
         <value>0x49761</value>
         <object_component_ref idref="oc-28e"/>
      </symbol>
      <symbol id="sm-16b2">
         <name>EMACTimestampIntStatus</name>
         <value>0x4a03b</value>
         <object_component_ref idref="oc-a0"/>
      </symbol>
      <symbol id="sm-16b3">
         <name>EMACRxEnable</name>
         <value>0x49d2f</value>
         <object_component_ref idref="oc-943"/>
      </symbol>
      <symbol id="sm-16b4">
         <name>EMACIntClear</name>
         <value>0x49231</value>
         <object_component_ref idref="oc-937"/>
      </symbol>
      <symbol id="sm-16b5">
         <name>EMACConfigGet</name>
         <value>0x491c9</value>
         <object_component_ref idref="oc-2a0"/>
      </symbol>
      <symbol id="sm-16b6">
         <name>EMACIntEnable</name>
         <value>0x48f5d</value>
         <object_component_ref idref="oc-949"/>
      </symbol>
      <symbol id="sm-16b7">
         <name>EMACPHYWrite</name>
         <value>0x49787</value>
         <object_component_ref idref="oc-925"/>
      </symbol>
      <symbol id="sm-16b8">
         <name>EMACReset</name>
         <value>0x49d19</value>
         <object_component_ref idref="oc-587"/>
      </symbol>
      <symbol id="sm-16b9">
         <name>EMACFrameFilterSet</name>
         <value>0x49f01</value>
         <object_component_ref idref="oc-92b"/>
      </symbol>
      <symbol id="sm-16ba">
         <name>EMACTxDMAPollDemand</name>
         <value>0x4a015</value>
         <object_component_ref idref="oc-970"/>
      </symbol>
      <symbol id="sm-16bb">
         <name>EMACAddrGet</name>
         <value>0x49ac1</value>
         <object_component_ref idref="oc-919"/>
      </symbol>
      <symbol id="sm-16bc">
         <name>EMACTxDMADescriptorListSet</name>
         <value>0x4a041</value>
         <object_component_ref idref="oc-a41"/>
      </symbol>
      <symbol id="sm-16bd">
         <name>EMACIntStatus</name>
         <value>0x4955b</value>
         <object_component_ref idref="oc-931"/>
      </symbol>
      <symbol id="sm-16c7">
         <name>CPUcpsie</name>
         <value>0x49f7d</value>
         <object_component_ref idref="oc-a53"/>
      </symbol>
      <symbol id="sm-16c9">
         <name>__TI_static_base__</name>
         <value>0x0</value>
      </symbol>
      <symbol id="sm-16ca">
         <name>__TI_args_main</name>
         <value>0x1</value>
      </symbol>
      <symbol id="sm-16cb">
         <name>SHT$$INIT_ARRAY$$Limit</name>
         <value>0x0</value>
      </symbol>
      <symbol id="sm-16cc">
         <name>SHT$$INIT_ARRAY$$Base</name>
         <value>0x0</value>
      </symbol>
      <symbol id="sm-16d0">
         <name>lwip_ntohs</name>
         <value>0x49fc5</value>
      </symbol>
      <symbol id="sm-16d1">
         <name>lwip_ntohl</name>
         <value>0x49bf3</value>
      </symbol>
   </symbol_table>
   <title>Link successful</title>
</link_info>
