******************************************************************************
                  TI ARM Linker PC v5.1.7                      
******************************************************************************
>> Linked Tue Oct 28 08:45:48 2014

OUTPUT FILE NAME:   <enet_io.out>
ENTRY POINT SYMBOL: "_c_int00"  address: 00048ae9


MEMORY CONFIGURATION

         name            origin    length      used     unused   attr    fill
----------------------  --------  ---------  --------  --------  ----  --------
  FLASH                 00000000   00100000  0004a116  000b5eea  R  X
  SRAM                  20000000   00040000  00018098  00027f68  RW X


SEGMENT ALLOCATION MAP

run origin  load origin   length   init length attrs members
----------  ----------- ---------- ----------- ----- -------
00000000    00000000    0004a118   0004a118    r-x
  00000000    00000000    00000200   00000200    r-- .intvecs
  00000200    00000200    000416c0   000416c0    r-- .const
  000418c0    000418c0    000087e6   000087e6    r-x .text
  0004a0a8    0004a0a8    00000070   00000070    r-- .cinit
20000000    20000000    00018098   00000000    rw-
  20000000    20000000    00017c00   00000000    rw- .bss
  20017c00    20017c00    00000400   00000000    rw- .stack
  20018000    20018000    00000098   00000000    rw- .data


SECTION ALLOCATION MAP

 output                                  attributes/
section   page    origin      length       input sections
--------  ----  ----------  ----------   ----------------
.intvecs   0    00000000    00000200     
                  00000000    00000200     startup_ccs.obj (.intvecs)

.init_array 
*          0    00000000    00000000     UNINITIALIZED

.const     0    00000200    000416c0     
                  00000200    0002c026     io_fs.obj (.const:.string:data_block_jpg)
                  0002c226    0000b650     io_fs.obj (.const:.string:data_ek_tm4c1294xl_jpg)
                  00037876    00001da8     io_fs.obj (.const:.string:data_io_cgi_ssi)
                  0003961e    00001bfc     io_fs.obj (.const:.string:data_ti_jpg)
                  0003b21a    000010b8     io_fs.obj (.const:.string:data_javascript_js)
                  0003c2d2    00000d33     io_fs.obj (.const:.string:data_tm4c_jpg)
                  0003d005    00000b67     io_fs.obj (.const:.string:data_io_http_htm)
                  0003db6c    00000b18     io_fs.obj (.const:.string:data_perror_htm)
                  0003e684    000008ca     io_fs.obj (.const:.string:data_index_htm)
                  0003ef4e    0000071d     io_fs.obj (.const:.string:data_about_htm)
                  0003f66b    000006c3     io_fs.obj (.const:.string:data_favicon_ico)
                  0003fd2e    00000609     io_fs.obj (.const:.string:data_overview_htm)
                  00040337    00000604     io_fs.obj (.const:.string:data_styles_css)
                  0004093b    00000001     --HOLE-- [fill = 0]
                  0004093c    00000440     httpd.obj (.const:.string)
                  00040d7c    000001f8     io_fs.obj (.const:.string:data_block_htm)
                  00040f74    00000198     io_fs.obj (.const:.string:data_javascript_load_js)
                  0004110c    00000140     io_fs.obj (.const)
                  0004124c    0000012c     io_fs.obj (.const:.string:data_404_htm)
                  00041378    00000120     driverlib.lib : sysctl.obj (.const:g_pppui32XTALtoVCO)
                  00041498    0000009c                   : interrupt.obj (.const:g_pui32Regs)
                  00041534    0000008a     lwiplib.obj (.const:.string)
                  000415be    00000002     --HOLE-- [fill = 0]
                  000415c0    00000088     httpd.obj (.const:g_psHTTPHeaders)
                  00041648    00000070     driverlib.lib : interrupt.obj (.const)
                  000416b8    0000006c                   : sysctl.obj (.const:g_pui32Xtals)
                  00041724    00000068     httpd.obj (.const:g_psHTTPHeaderStrings)
                  0004178c    00000044     lwiplib.obj (.const)
                  000417d0    00000038     enet_io.obj (.const:.string)
                  00041808    00000030     driverlib.lib : sysctl.obj (.const:g_sXTALtoMEMTIM)
                  00041838    00000028     httpd.obj (.const:g_psDefaultFilenames)
                  00041860    0000001c     uartstdio.obj (.const)
                  0004187c    00000018     httpd.obj (.const)
                  00041894    00000012     uartstdio.obj (.const:.string)
                  000418a6    00000002     --HOLE-- [fill = 0]
                  000418a8    00000010     enet_io.obj (.const)
                  000418b8    00000008     driverlib.lib : sysctl.obj (.const)

.text      0    000418c0    000087e6     
                  000418c0    0000076c     lwiplib.obj (.text:tcp_receive)
                  0004202c    0000049e     httpd.obj (.text:http_send_data)
                  000424ca    00000002     startup_ccs.obj (.text:FaultISR)
                  000424cc    000003d0     lwiplib.obj (.text:tcp_input)
                  0004289c    000003b0     lwiplib.obj (.text:tcp_process)
                  00042c4c    000002dc     lwiplib.obj (.text:tcp_write)
                  00042f28    000002bc     lwiplib.obj (.text:tcp_slowtmr)
                  000431e4    00000245     ustdlib.obj (.text:uvsnprintf)
                  00043429    00000001     --HOLE-- [fill = 0]
                  0004342a    00000002     startup_ccs.obj (.text:IntDefaultHandler)
                  0004342c    00000220     lwiplib.obj (.text:dhcp_parse_reply)
                  0004364c    00000214     pinout.obj (.text:PinoutSet)
                  00043860    000001fc     driverlib.lib : sysctl.obj (.text:SysCtlClockFreqSet)
                  00043a5c    000001f0     lwiplib.obj (.text:ip_input)
                  00043c4c    000001f0     lwiplib.obj (.text:udp_input)
                  00043e3c    000001ea     uartstdio.obj (.text:UARTvprintf)
                  00044026    00000002     startup_ccs.obj (.text:NmiSR)
                  00044028    000001ac     lwiplib.obj (.text:icmp_input)
                  000441d4    000001a0     enet_io.obj (.text:main)
                  00044374    00000190     lwiplib.obj (.text:tcp_output)
                  00044504    00000154     lwiplib.obj (.text:etharp_arp_input)
                  00044658    00000144     lwiplib.obj (.text:tcp_close_shutdown)
                  0004479c    00000138     lwiplib.obj (.text:pbuf_alloc)
                  000448d4    00000130     driverlib.lib : gpio.obj (.text:GPIOPadConfigSet)
                  00044a04    00000130     lwiplib.obj (.text:tivaif_receive)
                  00044b34    00000128     lwiplib.obj (.text:dhcp_create_msg)
                  00044c5c    00000124     io_fs.obj (.text:fs_open)
                  00044d80    0000011c     lwiplib.obj (.text:etharp_output)
                  00044e9c    00000118     httpd.obj (.text:http_find_file)
                  00044fb4    00000114     lwiplib.obj (.text:etharp_query)
                  000450c8    00000114     lwiplib.obj (.text:tcp_listen_input)
                  000451dc    000000f8     lwiplib.obj (.text:mem_malloc)
                  000452d4    000000f8     lwiplib.obj (.text:tivaif_transmit)
                  000453cc    000000f4     enet_io.obj (.text:lwIPHostTimerHandler)
                  000454c0    000000f4     lwiplib.obj (.text:mem_trim)
                  000455b4    000000f0     httpd.obj (.text:get_http_headers)
                  000456a4    000000f0     lwiplib.obj (.text:ip_output_if)
                  00045794    000000f0     lwiplib.obj (.text:lwIPInit)
                  00045884    000000ec     lwiplib.obj (.text:udp_sendto_if)
                  00045970    000000e0     lwiplib.obj (.text:etharp_find_entry)
                  00045a50    000000dc     lwiplib.obj (.text:etharp_raw)
                  00045b2c    000000d8     lwiplib.obj (.text:tcp_output_segment)
                  00045c04    000000d4     lwiplib.obj (.text:tcp_alloc)
                  00045cd8    000000d0     lwiplib.obj (.text:autoip_tmr)
                  00045da8    000000cc     lwiplib.obj (.text:dhcp_bind)
                  00045e74    000000cc     lwiplib.obj (.text:dhcp_recv)
                  00045f40    000000cc     lwiplib.obj (.text:dhcp_select)
                  0004600c    000000cc     httpd.obj (.text:get_tag_insert)
                  000460d8    000000c4     lwiplib.obj (.text:InitDMADescriptors)
                  0004619c    000000bc     enet_io.obj (.text:SSIHandler)
                  00046258    000000bc     lwiplib.obj (.text:dhcp_discover)
                  00046314    000000bc     lwiplib.obj (.text:tcp_create_segment)
                  000463d0    000000bc     lwiplib.obj (.text:tivaif_hwinit)
                  0004648c    000000b0     lwiplib.obj (.text:lwIPServiceTimers)
                  0004653c    000000ac     lwiplib.obj (.text:tcp_zero_window_probe)
                  000465e8    000000a8     lwiplib.obj (.text:dhcp_start)
                  00046690    000000a8     lwiplib.obj (.text:tcp_enqueue_flags)
                  00046738    000000a6     lwiplib.obj (.text:inet_chksum_pseudo)
                  000467de    00000002     --HOLE-- [fill = 0]
                  000467e0    000000a4     lwiplib.obj (.text:dhcp_release)
                  00046884    000000a4     lwiplib.obj (.text:ethernet_input)
                  00046928    0000009e     httpd.obj (.text:http_parse_request)
                  000469c6    0000009c     rtsv7M4_T_le_v4SPD16_eabi.lib : memcpy_t2.obj (.text)
                  00046a62    00000002     --HOLE-- [fill = 0]
                  00046a64    0000009c     lwiplib.obj (.text:tcp_listen_with_backlog)
                  00046b00    00000098     lwiplib.obj (.text:dhcp_reboot)
                  00046b98    00000094     rtsv7M4_T_le_v4SPD16_eabi.lib : auto_init.obj (.text)
                  00046c2c    00000092     lwiplib.obj (.text:pbuf_copy)
                  00046cbe    00000002     --HOLE-- [fill = 0]
                  00046cc0    00000090     lwiplib.obj (.text:tcp_abandon)
                  00046d50    00000090     lwiplib.obj (.text:tcp_rst)
                  00046de0    0000008c     enet_io.obj (.text:ControlCGIHandler)
                  00046e6c    00000084     locator.obj (.text:LocatorReceive)
                  00046ef0    00000084     io.obj (.text:io_init)
                  00046f74    00000084     lwiplib.obj (.text:lwIPLinkDetect)
                  00046ff8    00000084     lwiplib.obj (.text:tcp_timewait_input)
                  0004707c    00000082     lwiplib.obj (.text:autoip_arp_reply)
                  000470fe    00000002     --HOLE-- [fill = 0]
                  00047100    00000080     lwiplib.obj (.text:dhcp_rebind)
                  00047180    00000080     lwiplib.obj (.text:dhcp_renew)
                  00047200    00000080     lwiplib.obj (.text:lwIPPrivateInit)
                  00047280    00000080     lwiplib.obj (.text:tcp_parseopt)
                  00047300    0000007c     lwiplib.obj (.text:dhcp_timeout)
                  0004737c    0000007c     lwiplib.obj (.text:tcp_bind)
                  000473f8    0000007c     lwiplib.obj (.text:tivaif_process_phy_interrupt)
                  00047474    00000078     lwiplib.obj (.text:dhcp_handle_ack)
                  000474ec    00000078     rtsv7M4_T_le_v4SPD16_eabi.lib : memset_t2.obj (.text)
                  00047564    00000078     lwiplib.obj (.text:tcp_oos_insert_segment)
                  000475dc    00000074     lwiplib.obj (.text:etharp_update_arp_entry)
                  00047650    00000074     lwiplib.obj (.text:raw_input)
                  000476c4    00000072     httpd.obj (.text:extract_uri_parameters)
                  00047736    00000002     --HOLE-- [fill = 0]
                  00047738    00000071     httpd.obj (.text:http_init_file)
                  000477a9    00000003     --HOLE-- [fill = 0]
                  000477ac    00000070     lwiplib.obj (.text:tcp_fasttmr)
                  0004781c    0000006e     cgifuncs.obj (.text:CheckDecimalParam)
                  0004788a    00000002     --HOLE-- [fill = 0]
                  0004788c    0000006c     lwiplib.obj (.text:icmp_send_response)
                  000478f8    0000006a     lwiplib.obj (.text:pbuf_copy_partial)
                  00047962    00000002     --HOLE-- [fill = 0]
                  00047964    00000068     lwiplib.obj (.text:dhcp_decline)
                  000479cc    00000068     lwiplib.obj (.text:memp_init)
                  00047a34    00000068     lwiplib.obj (.text:netif_set_ipaddr)
                  00047a9c    00000068     lwiplib.obj (.text:tcp_output_alloc_header)
                  00047b04    00000068     lwiplib.obj (.text:tcp_process_refused_data)
                  00047b6c    00000064     enet_io.obj (.text:SetTextCGIHandler)
                  00047bd0    00000064     lwiplib.obj (.text:lwip_standard_chksum)
                  00047c34    00000064     lwiplib.obj (.text:mem_free)
                  00047c98    00000064     lwiplib.obj (.text:plug_holes)
                  00047cfc    00000064     lwiplib.obj (.text:udp_bind)
                  00047d60    00000062     httpd.obj (.text:http_recv)
                  00047dc2    00000062     lwiplib.obj (.text:pbuf_header)
                  00047e24    00000060     driverlib.lib : interrupt.obj (.text:IntEnable)
                  00047e84    00000060     uartstdio.obj (.text:UARTStdioConfig)
                  00047ee4    00000060     lwiplib.obj (.text:sys_timeout)
                  00047f44    0000005e     rtsv7M4_T_le_v4SPD16_eabi.lib : copy_decompress_rle.obj (.text)
                  00047fa2    0000005c     cgifuncs.obj (.text:DecodeFormString)
                  00047ffe    00000002     --HOLE-- [fill = 0]
                  00048000    0000005c     lwiplib.obj (.text:lwIPEthernetIntHandler)
                  0004805c    0000005c     lwiplib.obj (.text:mem_init)
                  000480b8    0000005c     lwiplib.obj (.text:tcp_keepalive)
                  00048114    0000005c     lwiplib.obj (.text:tcp_pcb_remove)
                  00048170    0000005c     lwiplib.obj (.text:tcp_send_empty_ack)
                  000481cc    0000005a     lwiplib.obj (.text:autoip_start)
                  00048226    0000005a     lwiplib.obj (.text:pbuf_realloc)
                  00048280    00000058     driverlib.lib : emac.obj (.text:EMACPHYConfigSet)
                  000482d8    00000058     httpd.obj (.text:http_accept)
                  00048330    00000058     lwiplib.obj (.text:memp_malloc)
                  00048388    00000056     lwiplib.obj (.text:inet_chksum_pbuf)
                  000483de    00000002     --HOLE-- [fill = 0]
                  000483e0    00000054     lwiplib.obj (.text:autoip_create_addr)
                  00048434    00000054     lwiplib.obj (.text:netif_add)
                  00048488    00000054     lwiplib.obj (.text:tcp_rexmit)
                  000484dc    00000052     lwiplib.obj (.text:pbuf_free)
                  0004852e    00000052     lwiplib.obj (.text:tivaif_process_transmit)
                  00048580    00000050     locator.obj (.text:LocatorInit)
                  000485d0    00000050     driverlib.lib : sysctl.obj (.text:SysCtlPeripheralReset)
                  00048620    00000050     lwiplib.obj (.text:autoip_start_probing)
                  00048670    00000050     httpd.obj (.text:http_close_conn)
                  000486c0    00000050     io.obj (.text:io_set_timer)
                  00048710    00000050     lwiplib.obj (.text:sys_timeouts_init)
                  00048760    00000050     lwiplib.obj (.text:tcp_new_port)
                  000487b0    0000004e     httpd.obj (.text:strnstr)
                  000487fe    0000004e     lwiplib.obj (.text:tcp_pbuf_prealloc)
                  0004884c    0000004c     lwiplib.obj (.text:ip_route)
                  00048898    0000004c     lwiplib.obj (.text:tcp_write_checks)
                  000488e4    0000004c     lwiplib.obj (.text:tivaif_interrupt)
                  00048930    0000004c     lwiplib.obj (.text:udp_new_port)
                  0004897c    0000004b     httpd.obj (.text:http_get_404_file)
                  000489c7    00000001     --HOLE-- [fill = 0]
                  000489c8    00000048     uartstdio.obj (.text:UARTwrite)
                  00048a10    00000048     driverlib.lib : sysctl.obj (.text:_SysCtlFrequencyGet)
                  00048a58    00000048     lwiplib.obj (.text:etharp_output_to_arp_index)
                  00048aa0    00000048     lwiplib.obj (.text:ip_output)
                  00048ae8    00000048     rtsv7M4_T_le_v4SPD16_eabi.lib : boot.obj (.text)
                  00048b30    00000048     lwiplib.obj (.text:tcp_kill_prio)
                  00048b78    00000048     lwiplib.obj (.text:tcp_rexmit_fast)
                  00048bc0    00000048     lwiplib.obj (.text:udp_connect)
                  00048c08    00000044     httpd.obj (.text:http_write)
                  00048c4c    00000044     rtsv7M4_T_le_v4SPD16_eabi.lib : cpy_tbl.obj (.text)
                  00048c90    00000044                                   : exit.obj (.text)
                  00048cd4    00000044     lwiplib.obj (.text:tcp_send_fin)
                  00048d18    00000044     lwiplib.obj (.text:tivaif_check_pbuf)
                  00048d5c    00000042     lwiplib.obj (.text:dhcp_network_changed)
                  00048d9e    00000042     lwiplib.obj (.text:dhcp_option_long)
                  00048de0    00000042     rtsv7M4_T_le_v4SPD16_eabi.lib : u_divt2.obj (.text)
                  00048e22    00000042     lwiplib.obj (.text:tcp_pcb_purge)
                  00048e64    00000040     lwiplib.obj (.text:etharp_tmr)
                  00048ea4    0000003e     cgifuncs.obj (.text:DecodeHexEscape)
                  00048ee2    0000003e     lwiplib.obj (.text:netif_set_link_up)
                  00048f20    0000003c     lwiplib.obj (.text:dhcp_coarse_tmr)
                  00048f5c    0000003a     driverlib.lib : emac.obj (.text:EMACIntEnable)
                  00048f96    0000003a     io_fs.obj (.text:fs_read)
                  00048fd0    00000038     enet_io.obj (.text:DisplayIPAddress)
                  00049008    00000038     lwiplib.obj (.text:dhcp_fine_tmr)
                  00049040    00000038     lwiplib.obj (.text:dhcp_handle_nak)
                  00049078    00000038     lwiplib.obj (.text:dhcp_stop)
                  000490b0    00000038     httpd.obj (.text:httpd_init_addr)
                  000490e8    00000038     io.obj (.text:io_get_ledstate)
                  00049120    00000038     lwiplib.obj (.text:memp_free)
                  00049158    00000038     lwiplib.obj (.text:tcpip_tcp_timer)
                  00049190    00000038     lwiplib.obj (.text:udp_sendto)
                  000491c8    00000034     driverlib.lib : emac.obj (.text:EMACConfigGet)
                  000491fc    00000034                   : emac.obj (.text:EMACConfigSet)
                  00049230    00000034                   : emac.obj (.text:EMACIntClear)
                  00049264    00000034     locator.obj (.text:LocatorAppTitleSet)
                  00049298    00000034     driverlib.lib : sysctl.obj (.text:SysCtlPeripheralReady)
                  000492cc    00000034     lwiplib.obj (.text:autoip_arp_probe)
                  00049300    00000034     httpd.obj (.text:http_poll)
                  00049334    00000034     io.obj (.text:io_set_animation_speed_string)
                  00049368    00000034     rtsv7M4_T_le_v4SPD16_eabi.lib : strstr.obj (.text)
                  0004939c    00000034     lwiplib.obj (.text:tcp_kill_timewait)
                  000493d0    00000034     lwiplib.obj (.text:tcp_timer_needed)
                  00049404    00000034     lwiplib.obj (.text:tivaif_init)
                  00049438    00000032     lwiplib.obj (.text:ip4_addr_isbroadcast)
                  0004946a    00000032     lwiplib.obj (.text:tcp_recved)
                  0004949c    00000030     lwiplib.obj (.text:dhcp_option_trailer)
                  000494cc    00000030     lwiplib.obj (.text:tcp_update_rcv_ann_wnd)
                  000494fc    00000030     ustdlib.obj (.text:ustrncmp)
                  0004952c    0000002e     cgifuncs.obj (.text:FindCGIParameter)
                  0004955a    0000002c     driverlib.lib : emac.obj (.text:EMACIntStatus)
                  00049586    0000002c     cgifuncs.obj (.text:GetCGIParam)
                  000495b2    00000002     --HOLE-- [fill = 0]
                  000495b4    0000002c     lwiplib.obj (.text:autoip_arp_announce)
                  000495e0    0000002c     lwiplib.obj (.text:dhcp_handle_offer)
                  0004960c    0000002c     lwiplib.obj (.text:etharp_request)
                  00049638    0000002c     lwiplib.obj (.text:tcp_rexmit_rto)
                  00049664    0000002c     lwiplib.obj (.text:udp_remove)
                  00049690    0000002a     driverlib.lib : gpio.obj (.text:GPIODirModeSet)
                  000496ba    0000002a     cgifuncs.obj (.text:HexDigit)
                  000496e4    0000002a     lwiplib.obj (.text:autoip_bind)
                  0004970e    00000002     --HOLE-- [fill = 0]
                  00049710    00000028     enet_io.obj (.text:AnimTimerIntHandler)
                  00049738    00000028     lwiplib.obj (.text:etharp_cleanup_netif)
                  00049760    00000026     driverlib.lib : emac.obj (.text:EMACPHYRead)
                  00049786    00000026                   : emac.obj (.text:EMACPHYWrite)
                  000497ac    00000026     lwiplib.obj (.text:dhcp_check)
                  000497d2    00000026     httpd.obj (.text:http_state_free)
                  000497f8    00000026     rtsv7M4_T_le_v4SPD16_eabi.lib : strncmp.obj (.text)
                  0004981e    00000002     --HOLE-- [fill = 0]
                  00049820    00000024     driverlib.lib : interrupt.obj (.text:IntPrioritySet)
                  00049844    00000024     lwiplib.obj (.text:etharp_free_entry)
                  00049868    00000024     io.obj (.text:io_is_led_on)
                  0004988c    00000024     lwiplib.obj (.text:netif_set_up)
                  000498b0    00000024     lwiplib.obj (.text:pbuf_cat)
                  000498d4    00000024     lwiplib.obj (.text:tcp_seg_copy)
                  000498f8    00000022     lwiplib.obj (.text:dhcp_option_short)
                  0004991a    00000022     httpd.obj (.text:http_state_alloc)
                  0004993c    00000022     rtsv7M4_T_le_v4SPD16_eabi.lib : memcmp.obj (.text)
                  0004995e    00000022     ustdlib.obj (.text:ustrncpy)
                  00049980    00000020     cgifuncs.obj (.text:IsValidHexDigit)
                  000499a0    00000020     locator.obj (.text:LocatorMACAddrSet)
                  000499c0    00000020     lwiplib.obj (.text:autoip_handle_arp_conflict)
                  000499e0    00000020     lwiplib.obj (.text:dhcp_option)
                  00049a00    00000020     lwiplib.obj (.text:etharp_send_ip)
                  00049a20    00000020     lwiplib.obj (.text:lwIPTimer)
                  00049a40    00000020     lwiplib.obj (.text:tcp_eff_send_mss)
                  00049a60    00000020     lwiplib.obj (.text:tcp_recv_null)
                  00049a80    00000020     lwiplib.obj (.text:tcp_tmr)
                  00049aa0    00000020     ustdlib.obj (.text:usprintf)
                  00049ac0    0000001e     driverlib.lib : emac.obj (.text:EMACAddrGet)
                  00049ade    0000001e     lwiplib.obj (.text:netif_set_down)
                  00049afc    0000001c     driverlib.lib : sysctl.obj (.text:_SysCtlMemTimingGet)
                  00049b18    0000001c     httpd.obj (.text:http_set_ssi_handler)
                  00049b34    0000001c     io.obj (.text:io_set_led)
                  00049b50    0000001c     lwiplib.obj (.text:lwIPLocalIPAddrGet)
                  00049b6c    0000001c     lwiplib.obj (.text:netif_set_addr)
                  00049b88    0000001c     lwiplib.obj (.text:udp_new)
                  00049ba4    0000001a     uartstdio.obj (.text:UARTprintf)
                  00049bbe    0000001a     lwiplib.obj (.text:autoip_network_changed)
                  00049bd8    0000001a     lwiplib.obj (.text:dhcp_arp_reply)
                  00049bf2    0000001a     lwiplib.obj (.text:lwip_htonl)
                  00049c0c    0000001a     ustdlib.obj (.text:usnprintf)
                  00049c26    00000002     --HOLE-- [fill = 0]
                  00049c28    00000018     lwiplib.obj (.text:arp_timer)
                  00049c40    00000018     lwiplib.obj (.text:autoip_timer)
                  00049c58    00000018     lwiplib.obj (.text:dhcp_timer_coarse)
                  00049c70    00000018     lwiplib.obj (.text:dhcp_timer_fine)
                  00049c88    00000018     io.obj (.text:io_get_animation_speed_string)
                  00049ca0    00000018     lwiplib.obj (.text:pbuf_pool_is_empty)
                  00049cb8    00000018     rtsv7M4_T_le_v4SPD16_eabi.lib : args_main.obj (.text)
                  00049cd0    00000018                                   : strcmp.obj (.text)
                  00049ce8    00000018     lwiplib.obj (.text:tcp_next_iss)
                  00049d00    00000018     lwiplib.obj (.text:tcp_seg_free)
                  00049d18    00000016     driverlib.lib : emac.obj (.text:EMACReset)
                  00049d2e    00000016                   : emac.obj (.text:EMACRxEnable)
                  00049d44    00000016                   : emac.obj (.text:EMACTxEnable)
                  00049d5a    00000016     lwiplib.obj (.text:dhcp_delete_msg)
                  00049d70    00000016     lwiplib.obj (.text:dhcp_t1_timeout)
                  00049d86    00000016     lwiplib.obj (.text:dhcp_t2_timeout)
                  00049d9c    00000016     httpd.obj (.text:http_sent)
                  00049db2    00000016     lwiplib.obj (.text:pbuf_ref)
                  00049dc8    00000016     rtsv7M4_T_le_v4SPD16_eabi.lib : strchr.obj (.text)
                  00049dde    00000002     --HOLE-- [fill = 0]
                  00049de0    00000014     driverlib.lib : flash.obj (.text:FlashUserGet)
                  00049df4    00000014                   : systick.obj (.text:SysTickEnable)
                  00049e08    00000014                   : systick.obj (.text:SysTickIntEnable)
                  00049e1c    00000014     httpd.obj (.text:http_set_cgi_handlers)
                  00049e30    00000014     io.obj (.text:io_set_animation_speed)
                  00049e44    00000014     rtsv7M4_T_le_v4SPD16_eabi.lib : _lock.obj (.text)
                  00049e58    00000014                                   : strlen.obj (.text)
                  00049e6c    00000014     lwiplib.obj (.text:sys_arch_unprotect)
                  00049e80    00000014     lwiplib.obj (.text:tcp_close)
                  00049e94    00000012     driverlib.lib : gpio.obj (.text:GPIOPinTypeEthernetLED)
                  00049ea6    00000012     rtsv7M4_T_le_v4SPD16_eabi.lib : copy_zero_init.obj (.text:decompress:ZI)
                  00049eb8    00000012     lwiplib.obj (.text:dhcp_option_byte)
                  00049eca    00000012     lwiplib.obj (.text:netif_set_link_down)
                  00049edc    00000012     lwiplib.obj (.text:pbuf_clen)
                  00049eee    00000012     lwiplib.obj (.text:tcp_segs_free)
                  00049f00    00000010     driverlib.lib : emac.obj (.text:EMACFrameFilterSet)
                  00049f10    00000010                   : systick.obj (.text:SysTickPeriodSet)
                  00049f20    00000010     lwiplib.obj (.text:autoip_stop)
                  00049f30    00000010     lwiplib.obj (.text:dhcp_set_state)
                  00049f40    00000010     lwiplib.obj (.text:lwip_init)
                  00049f50    00000010     lwiplib.obj (.text:sys_arch_protect)
                  00049f60    0000000e     rtsv7M4_T_le_v4SPD16_eabi.lib : copy_decompress_none.obj (.text:decompress:none)
                  00049f6e    0000000e     lwiplib.obj (.text:pbuf_chain)
                  00049f7c    0000000c     driverlib.lib : cpu.obj (.text:CPUcpsie)
                  00049f88    0000000c                   : sysctl.obj (.text:SysCtlMOSCConfigSet)
                  00049f94    0000000c     lwiplib.obj (.text:autoip_restart)
                  00049fa0    0000000c     httpd.obj (.text:httpd_init)
                  00049fac    0000000c     lwiplib.obj (.text:inet_chksum)
                  00049fb8    0000000c     io.obj (.text:io_get_animation_speed)
                  00049fc4    0000000c     lwiplib.obj (.text:lwip_htons)
                  00049fd0    0000000c     lwiplib.obj (.text:netif_set_default)
                  00049fdc    0000000c     lwiplib.obj (.text:netif_set_gw)
                  00049fe8    0000000c     lwiplib.obj (.text:netif_set_netmask)
                  00049ff4    0000000c     lwiplib.obj (.text:sys_now)
                  0004a000    0000000a     driverlib.lib : interrupt.obj (.text:IntMasterEnable)
                  0004a00a    0000000a     lwiplib.obj (.text:tcp_poll)
                  0004a014    00000008     driverlib.lib : emac.obj (.text:EMACTxDMAPollDemand)
                  0004a01c    00000008     io_fs.obj (.text:fs_bytes_left)
                  0004a024    00000008     httpd.obj (.text:http_err)
                  0004a02c    00000008     lwiplib.obj (.text:icmp_dest_unreach)
                  0004a034    00000006     driverlib.lib : emac.obj (.text:EMACRxDMADescriptorListSet)
                  0004a03a    00000006                   : emac.obj (.text:EMACTimestampIntStatus)
                  0004a040    00000006                   : emac.obj (.text:EMACTxDMADescriptorListSet)
                  0004a046    00000006                   : gpio.obj (.text:GPIOPinRead)
                  0004a04c    00000006                   : gpio.obj (.text:GPIOPinWrite)
                  0004a052    00000006     startup_ccs.obj (.text:ResetISR)
                  0004a058    00000006     driverlib.lib : sysctl.obj (.text:SysCtlDelay)
                  0004a05e    00000006     enet_io.obj (.text:SysTickIntHandler)
                  0004a064    00000006     rtsv7M4_T_le_v4SPD16_eabi.lib : copy_decompress_rle.obj (.text:decompress:rle24)
                  0004a06a    00000006     lwiplib.obj (.text:tcp_abort)
                  0004a070    00000006     lwiplib.obj (.text:tcp_accept_null)
                  0004a076    00000006     lwiplib.obj (.text:tcp_err)
                  0004a07c    00000006     lwiplib.obj (.text:tcp_new)
                  0004a082    00000006     lwiplib.obj (.text:tcp_recv)
                  0004a088    00000006     lwiplib.obj (.text:udp_recv)
                  0004a08e    00000004     driverlib.lib : timer.obj (.text:TimerIntClear)
                  0004a092    00000004     io_fs.obj (.text:fs_close)
                  0004a096    00000004     lwiplib.obj (.text:tcp_accept)
                  0004a09a    00000004     lwiplib.obj (.text:tcp_arg)
                  0004a09e    00000004     lwiplib.obj (.text:tcp_sent)
                  0004a0a2    00000004     lwiplib.obj (.text:tcp_setprio)

.cinit     0    0004a0a8    00000070     
                  0004a0a8    0000004c     (.cinit..data.load) [load image, compression = rle]
                  0004a0f4    0000000c     (__TI_handler_table)
                  0004a100    00000008     (.cinit..bss.load) [load image, compression = zero_init]
                  0004a108    00000010     (__TI_cinit_table)

.bss       0    20000000    00017c00     UNINITIALIZED
                  20000000    0001001c     lwiplib.obj (.bss:ram_heap)
                  2001001c    000073d4     lwiplib.obj (.bss:memp_memory)
                  200173f0    00000360     lwiplib.obj (.bss:g_pTxDescriptors)
                  20017750    00000120     lwiplib.obj (.bss:g_pRxDescriptors)
                  20017870    00000120     lwiplib.obj (.bss:lwip_stats)
                  20017990    000000c8     lwiplib.obj (.bss:arp_table)
                  20017a58    00000054     locator.obj (.bss:g_pui8LocatorData)
                  20017aac    00000038     lwiplib.obj (.bss:g_sNetIF)
                  20017ae4    00000028     lwiplib.obj (.bss:dhcp_rx_options_val)
                  20017b0c    00000020     (.common:memp_tab)
                  20017b2c    00000010     (.common:inseg)
                  20017b3c    0000000c     (.common:dhcp_rx_options_given)
                  20017b48    00000008     (.common:pcBuf$3)
                  20017b50    00000008     (.common:pcBuf$4)
                  20017b58    00000004     (.common:ackno)
                  20017b5c    00000004     (.common:current_header)
                  20017b60    00000004     (.common:current_iphdr_dest)
                  20017b64    00000004     (.common:current_iphdr_src)
                  20017b68    00000004     (.common:current_netif)
                  20017b6c    00000004     (.common:g_iNumCGIs)
                  20017b70    00000004     (.common:g_pCGIs)
                  20017b74    00000004     (.common:g_pfnTimerHandler)
                  20017b78    00000004     (.common:g_ui32AbnormalInts)
                  20017b7c    00000004     (.common:g_ui32GWAddr)
                  20017b80    00000004     (.common:g_ui32IPAddr)
                  20017b84    00000004     (.common:g_ui32IPAddress)
                  20017b88    00000004     (.common:g_ui32NetMask)
                  20017b8c    00000004     (.common:g_ui32NormalInts)
                  20017b90    00000004     (.common:g_ui32SysClock)
                  20017b94    00000004     (.common:g_ulFlags)
                  20017b98    00000004     (.common:iphdr)
                  20017b9c    00000004     (.common:lfree)
                  20017ba0    00000004     (.common:netif_default)
                  20017ba4    00000004     (.common:netif_list)
                  20017ba8    00000004     (.common:next_timeout)
                  20017bac    00000004     (.common:pcBuf$1)
                  20017bb0    00000004     (.common:pcBuf$2)
                  20017bb4    00000004     (.common:ram)
                  20017bb8    00000004     (.common:ram_end)
                  20017bbc    00000004     (.common:raw_pcbs)
                  20017bc0    00000004     (.common:recv_data)
                  20017bc4    00000004     (.common:seqno)
                  20017bc8    00000004     (.common:tcp_active_pcbs)
                  20017bcc    00000004     (.common:tcp_bound_pcbs)
                  20017bd0    00000004     (.common:tcp_input_pcb)
                  20017bd4    00000004     (.common:tcp_listen_pcbs)
                  20017bd8    00000004     (.common:tcp_ticks)
                  20017bdc    00000004     (.common:tcp_tmp_pcb)
                  20017be0    00000004     (.common:tcp_tw_pcbs)
                  20017be4    00000004     (.common:tcphdr)
                  20017be8    00000004     (.common:tcpip_tcp_timer_active)
                  20017bec    00000004     (.common:timeouts_last_time)
                  20017bf0    00000004     (.common:udp_pcbs)
                  20017bf4    00000002     (.common:ip_id)
                  20017bf6    00000002     (.common:tcplen)
                  20017bf8    00000001     (.common:etharp_cached_entry)
                  20017bf9    00000001     (.common:flags)
                  20017bfa    00000001     (.common:netif_num)
                  20017bfb    00000001     (.common:pbuf_free_ooseq_pending)
                  20017bfc    00000001     (.common:recv_flags)
                  20017bfd    00000001     (.common:tcp_active_pcbs_changed)
                  20017bfe    00000001     (.common:tcp_timer)
                  20017bff    00000001     (.common:tcp_timer_ctr)

.stack     0    20017c00    00000400     UNINITIALIZED
                  20017c00    00000400     --HOLE--

.data      0    20018000    00000098     UNINITIALIZED
                  20018000    00000060     lwiplib.obj (.data)
                  20018060    0000000c     enet_io.obj (.data)
                  2001806c    0000000c     httpd.obj (.data)
                  20018078    00000008     rtsv7M4_T_le_v4SPD16_eabi.lib : _lock.obj (.data)
                  20018080    00000008                                   : exit.obj (.data)
                  20018088    00000005     uartstdio.obj (.data)
                  2001808d    00000003     --HOLE--
                  20018090    00000004     io.obj (.data)
                  20018094    00000004     rtsv7M4_T_le_v4SPD16_eabi.lib : stkdepth_vars.obj (.data)


LINKER GENERATED COPY TABLES

__TI_cinit_table @ 0004a108 records: 2, size/record: 8, table size: 16
	.data: load addr=0004a0a8, load size=0000004c bytes, run addr=20018000, run size=00000098 bytes, compression=rle
	.bss: load addr=0004a100, load size=00000008 bytes, run addr=20000000, run size=00017c00 bytes, compression=zero_init


LINKER GENERATED HANDLER TABLE

__TI_handler_table @ 0004a0f4 records: 3, size/record: 4, table size: 12
	index: 0, handler: __TI_decompress_rle24
	index: 1, handler: __TI_decompress_none
	index: 2, handler: __TI_zero_init


GLOBAL SYMBOLS: SORTED ALPHABETICALLY BY Name 

address    name
--------   ----
00049711   AnimTimerIntHandler
00048c91   C$$EXIT
00049f7d   CPUcpsie
0004781d   CheckDecimalParam
00047fa3   DecodeFormString
00048ea5   DecodeHexEscape
00048fd1   DisplayIPAddress
00049ac1   EMACAddrGet
000491c9   EMACConfigGet
000491fd   EMACConfigSet
00049f01   EMACFrameFilterSet
00049231   EMACIntClear
00048f5d   EMACIntEnable
0004955b   EMACIntStatus
00048281   EMACPHYConfigSet
00049761   EMACPHYRead
00049787   EMACPHYWrite
00049d19   EMACReset
0004a035   EMACRxDMADescriptorListSet
00049d2f   EMACRxEnable
0004a03b   EMACTimestampIntStatus
0004a041   EMACTxDMADescriptorListSet
0004a015   EMACTxDMAPollDemand
00049d45   EMACTxEnable
0004952d   FindCGIParameter
00049de1   FlashUserGet
00049691   GPIODirModeSet
000448d5   GPIOPadConfigSet
0004a047   GPIOPinRead
00049e95   GPIOPinTypeEthernetLED
0004a04d   GPIOPinWrite
00049587   GetCGIParam
000496bb   HexDigit
000460d9   InitDMADescriptors
00047e25   IntEnable
0004a001   IntMasterEnable
00049821   IntPrioritySet
00049981   IsValidHexDigit
00049265   LocatorAppTitleSet
00048581   LocatorInit
000499a1   LocatorMACAddrSet
0004364d   PinoutSet
0004a053   ResetISR
UNDEFED    SHT$$INIT_ARRAY$$Base
UNDEFED    SHT$$INIT_ARRAY$$Limit
00043861   SysCtlClockFreqSet
0004a059   SysCtlDelay
00049f89   SysCtlMOSCConfigSet
00049299   SysCtlPeripheralReady
000485d1   SysCtlPeripheralReset
00049df5   SysTickEnable
00049e09   SysTickIntEnable
0004a05f   SysTickIntHandler
00049f11   SysTickPeriodSet
0004a08f   TimerIntClear
00047e85   UARTStdioConfig
00049ba5   UARTprintf
00043e3d   UARTvprintf
000489c9   UARTwrite
20018000   __STACK_END
00000400   __STACK_SIZE
20018000   __STACK_TOP
0004a108   __TI_CINIT_Base
0004a118   __TI_CINIT_Limit
0004a0f4   __TI_Handler_Table_Base
0004a100   __TI_Handler_Table_Limit
00000001   __TI_args_main
00046b99   __TI_auto_init
20018080   __TI_cleanup_ptr
00049f61   __TI_decompress_none
0004a065   __TI_decompress_rle24
20018084   __TI_dtors_ptr
00000000   __TI_static_base__
00049ea7   __TI_zero_init
000474ed   __aeabi_memclr
000474ed   __aeabi_memclr4
000474ed   __aeabi_memclr8
000469c7   __aeabi_memcpy
000469c7   __aeabi_memcpy4
000469c7   __aeabi_memcpy8
000474ef   __aeabi_memset
000474ef   __aeabi_memset4
000474ef   __aeabi_memset8
00048de1   __aeabi_uidivmod
ffffffff   __binit__
ffffffff   __c_args__
20017c00   __stack
00049cb9   _args_main
00048ae9   _c_int00
20018078   _lock
00049e53   _nop
00049e4b   _register_lock
00049e45   _register_unlock
2001807c   _unlock
00048c95   abort
0004707d   autoip_arp_reply
00049bbf   autoip_network_changed
000481cd   autoip_start
00049f21   autoip_stop
00045cd9   autoip_tmr
ffffffff   binit
00048c4d   copy_in
20017b5c   current_header
20017b60   current_iphdr_dest
20017b64   current_iphdr_src
20017b68   current_netif
00049bd9   dhcp_arp_reply
00048f21   dhcp_coarse_tmr
00049009   dhcp_fine_tmr
00048d5d   dhcp_network_changed
000467e1   dhcp_release
00047181   dhcp_renew
20017b3c   dhcp_rx_options_given
20017ae4   dhcp_rx_options_val
000465e9   dhcp_start
00049079   dhcp_stop
00049739   etharp_cleanup_netif
00044d81   etharp_output
00044fb5   etharp_query
00045a51   etharp_raw
0004960d   etharp_request
00048e65   etharp_tmr
000417c4   ethbroadcast
00046885   ethernet_input
000417ca   ethzero
00048c9d   exit
00041238   file_404_htm
00041224   file_about_htm
00041210   file_block_htm
000411fc   file_block_jpg
000411e8   file_ek_tm4c1294xl_jpg
000411d4   file_favicon_ico
000411c0   file_index_htm
000411ac   file_io_cgi_ssi
00041198   file_io_http_htm
00041184   file_javascript_js
00041170   file_javascript_load_js
0004115c   file_overview_htm
00041148   file_perror_htm
00041134   file_styles_css
00041120   file_ti_jpg
0004110c   file_tm4c_jpg
0004a01d   fs_bytes_left
0004a093   fs_close
00044c5d   fs_open
00048f97   fs_read
20018014   g_RxDescList
20018004   g_TxDescList
20017b6c   g_iNumCGIs
20018070   g_iNumTags
20017b70   g_pCGIs
20017750   g_pRxDescriptors
200173f0   g_pTxDescriptors
0004187c   g_pcSSIExtensions
0004188c   g_pcTagLeadIn
00041890   g_pcTagLeadOut
2001806c   g_pfnSSIHandler
20017b74   g_pfnTimerHandler
00000000   g_pfnVectors
20018074   g_ppcTags
00041838   g_psDefaultFilenames
20017b78   g_ui32AbnormalInts
20017b84   g_ui32IPAddress
20018030   g_ui32LocalTimer
20017b8c   g_ui32NormalInts
20017b90   g_ui32SysClock
20018090   g_ulAnimSpeed
00049e1d   http_set_cgi_handlers
00049b19   http_set_ssi_handler
00049fa1   httpd_init
0004a02d   icmp_dest_unreach
00044029   icmp_input
00049fad   inet_chksum
00048389   inet_chksum_pbuf
00046739   inet_chksum_pseudo
00049fb9   io_get_animation_speed
00049c89   io_get_animation_speed_string
000490e9   io_get_ledstate
00046ef1   io_init
00049869   io_is_led_on
00049e31   io_set_animation_speed
00049335   io_set_animation_speed_string
00049b35   io_set_led
00049439   ip4_addr_isbroadcast
000417bc   ip_addr_any
000417c0   ip_addr_broadcast
00043a5d   ip_input
00048aa1   ip_output
000456a5   ip_output_if
0004884d   ip_route
00048001   lwIPEthernetIntHandler
000453cd   lwIPHostTimerHandler
00045795   lwIPInit
00049b51   lwIPLocalIPAddrGet
00049a21   lwIPTimer
00049bf3   lwip_htonl
00049fc5   lwip_htons
00049f41   lwip_init
00049bf3   lwip_ntohl
00049fc5   lwip_ntohs
20017870   lwip_stats
000441d5   main
20018094   main_func_sp
00047c35   mem_free
0004805d   mem_init
000451dd   mem_malloc
000454c1   mem_trim
0004993d   memcmp
000469c7   memcpy
00049121   memp_free
000479cd   memp_init
00048331   memp_malloc
000474f5   memset
00048435   netif_add
20017ba0   netif_default
20017ba4   netif_list
00049b6d   netif_set_addr
00049fd1   netif_set_default
00049adf   netif_set_down
00049fdd   netif_set_gw
00047a35   netif_set_ipaddr
00049ecb   netif_set_link_down
00048ee3   netif_set_link_up
00049fe9   netif_set_netmask
0004988d   netif_set_up
0004479d   pbuf_alloc
000498b1   pbuf_cat
00049f6f   pbuf_chain
00049edd   pbuf_clen
00046c2d   pbuf_copy
000478f9   pbuf_copy_partial
000484dd   pbuf_free
20017bfb   pbuf_free_ooseq_pending
00047dc3   pbuf_header
00048227   pbuf_realloc
00049db3   pbuf_ref
20000000   ram_heap
00047651   raw_input
00049dc9   strchr
00049cd1   strcmp
00049e59   strlen
000497f9   strncmp
00049369   strstr
00049f51   sys_arch_protect
00049e6d   sys_arch_unprotect
00049ff5   sys_now
00047ee5   sys_timeout
00048711   sys_timeouts_init
00046cc1   tcp_abandon
0004a06b   tcp_abort
0004a097   tcp_accept
20017bc8   tcp_active_pcbs
20017bfd   tcp_active_pcbs_changed
00045c05   tcp_alloc
0004a09b   tcp_arg
00041534   tcp_backoff
0004737d   tcp_bind
20017bcc   tcp_bound_pcbs
00049e81   tcp_close
00049a41   tcp_eff_send_mss
00046691   tcp_enqueue_flags
0004a077   tcp_err
000477ad   tcp_fasttmr
000424cd   tcp_input
20017bd0   tcp_input_pcb
000480b9   tcp_keepalive
20017bd4   tcp_listen_pcbs
00046a65   tcp_listen_with_backlog
0004a07d   tcp_new
00049ce9   tcp_next_iss
00044375   tcp_output
000417ac   tcp_pcb_lists
00048e23   tcp_pcb_purge
00048115   tcp_pcb_remove
00041541   tcp_persist_backoff
0004a00b   tcp_poll
00047b05   tcp_process_refused_data
0004a083   tcp_recv
00049a61   tcp_recv_null
0004946b   tcp_recved
00048489   tcp_rexmit
00048b79   tcp_rexmit_fast
00049639   tcp_rexmit_rto
00046d51   tcp_rst
000498d5   tcp_seg_copy
00049d01   tcp_seg_free
00049eef   tcp_segs_free
00048171   tcp_send_empty_ack
00048cd5   tcp_send_fin
0004a09f   tcp_sent
0004a0a3   tcp_setprio
00042f29   tcp_slowtmr
20017bd8   tcp_ticks
000493d1   tcp_timer_needed
20017bdc   tcp_tmp_pcb
00049a81   tcp_tmr
20017be0   tcp_tw_pcbs
000494cd   tcp_update_rcv_ann_wnd
00042c4d   tcp_write
0004653d   tcp_zero_window_probe
00049405   tivaif_init
000488e5   tivaif_interrupt
000473f9   tivaif_process_phy_interrupt
00047cfd   udp_bind
00048bc1   udp_connect
00043c4d   udp_input
00049b89   udp_new
20017bf0   udp_pcbs
0004a089   udp_recv
00049665   udp_remove
00049191   udp_sendto
00045885   udp_sendto_if
00049c0d   usnprintf
00049aa1   usprintf
000494fd   ustrncmp
0004995f   ustrncpy
000431e5   uvsnprintf


GLOBAL SYMBOLS: SORTED BY Symbol Address 

address    name
--------   ----
00000000   __TI_static_base__
00000000   g_pfnVectors
00000001   __TI_args_main
00000400   __STACK_SIZE
0004110c   file_tm4c_jpg
00041120   file_ti_jpg
00041134   file_styles_css
00041148   file_perror_htm
0004115c   file_overview_htm
00041170   file_javascript_load_js
00041184   file_javascript_js
00041198   file_io_http_htm
000411ac   file_io_cgi_ssi
000411c0   file_index_htm
000411d4   file_favicon_ico
000411e8   file_ek_tm4c1294xl_jpg
000411fc   file_block_jpg
00041210   file_block_htm
00041224   file_about_htm
00041238   file_404_htm
00041534   tcp_backoff
00041541   tcp_persist_backoff
000417ac   tcp_pcb_lists
000417bc   ip_addr_any
000417c0   ip_addr_broadcast
000417c4   ethbroadcast
000417ca   ethzero
00041838   g_psDefaultFilenames
0004187c   g_pcSSIExtensions
0004188c   g_pcTagLeadIn
00041890   g_pcTagLeadOut
000424cd   tcp_input
00042c4d   tcp_write
00042f29   tcp_slowtmr
000431e5   uvsnprintf
0004364d   PinoutSet
00043861   SysCtlClockFreqSet
00043a5d   ip_input
00043c4d   udp_input
00043e3d   UARTvprintf
00044029   icmp_input
000441d5   main
00044375   tcp_output
0004479d   pbuf_alloc
000448d5   GPIOPadConfigSet
00044c5d   fs_open
00044d81   etharp_output
00044fb5   etharp_query
000451dd   mem_malloc
000453cd   lwIPHostTimerHandler
000454c1   mem_trim
000456a5   ip_output_if
00045795   lwIPInit
00045885   udp_sendto_if
00045a51   etharp_raw
00045c05   tcp_alloc
00045cd9   autoip_tmr
000460d9   InitDMADescriptors
0004653d   tcp_zero_window_probe
000465e9   dhcp_start
00046691   tcp_enqueue_flags
00046739   inet_chksum_pseudo
000467e1   dhcp_release
00046885   ethernet_input
000469c7   __aeabi_memcpy
000469c7   __aeabi_memcpy4
000469c7   __aeabi_memcpy8
000469c7   memcpy
00046a65   tcp_listen_with_backlog
00046b99   __TI_auto_init
00046c2d   pbuf_copy
00046cc1   tcp_abandon
00046d51   tcp_rst
00046ef1   io_init
0004707d   autoip_arp_reply
00047181   dhcp_renew
0004737d   tcp_bind
000473f9   tivaif_process_phy_interrupt
000474ed   __aeabi_memclr
000474ed   __aeabi_memclr4
000474ed   __aeabi_memclr8
000474ef   __aeabi_memset
000474ef   __aeabi_memset4
000474ef   __aeabi_memset8
000474f5   memset
00047651   raw_input
000477ad   tcp_fasttmr
0004781d   CheckDecimalParam
000478f9   pbuf_copy_partial
000479cd   memp_init
00047a35   netif_set_ipaddr
00047b05   tcp_process_refused_data
00047c35   mem_free
00047cfd   udp_bind
00047dc3   pbuf_header
00047e25   IntEnable
00047e85   UARTStdioConfig
00047ee5   sys_timeout
00047fa3   DecodeFormString
00048001   lwIPEthernetIntHandler
0004805d   mem_init
000480b9   tcp_keepalive
00048115   tcp_pcb_remove
00048171   tcp_send_empty_ack
000481cd   autoip_start
00048227   pbuf_realloc
00048281   EMACPHYConfigSet
00048331   memp_malloc
00048389   inet_chksum_pbuf
00048435   netif_add
00048489   tcp_rexmit
000484dd   pbuf_free
00048581   LocatorInit
000485d1   SysCtlPeripheralReset
00048711   sys_timeouts_init
0004884d   ip_route
000488e5   tivaif_interrupt
000489c9   UARTwrite
00048aa1   ip_output
00048ae9   _c_int00
00048b79   tcp_rexmit_fast
00048bc1   udp_connect
00048c4d   copy_in
00048c91   C$$EXIT
00048c95   abort
00048c9d   exit
00048cd5   tcp_send_fin
00048d5d   dhcp_network_changed
00048de1   __aeabi_uidivmod
00048e23   tcp_pcb_purge
00048e65   etharp_tmr
00048ea5   DecodeHexEscape
00048ee3   netif_set_link_up
00048f21   dhcp_coarse_tmr
00048f5d   EMACIntEnable
00048f97   fs_read
00048fd1   DisplayIPAddress
00049009   dhcp_fine_tmr
00049079   dhcp_stop
000490e9   io_get_ledstate
00049121   memp_free
00049191   udp_sendto
000491c9   EMACConfigGet
000491fd   EMACConfigSet
00049231   EMACIntClear
00049265   LocatorAppTitleSet
00049299   SysCtlPeripheralReady
00049335   io_set_animation_speed_string
00049369   strstr
000493d1   tcp_timer_needed
00049405   tivaif_init
00049439   ip4_addr_isbroadcast
0004946b   tcp_recved
000494cd   tcp_update_rcv_ann_wnd
000494fd   ustrncmp
0004952d   FindCGIParameter
0004955b   EMACIntStatus
00049587   GetCGIParam
0004960d   etharp_request
00049639   tcp_rexmit_rto
00049665   udp_remove
00049691   GPIODirModeSet
000496bb   HexDigit
00049711   AnimTimerIntHandler
00049739   etharp_cleanup_netif
00049761   EMACPHYRead
00049787   EMACPHYWrite
000497f9   strncmp
00049821   IntPrioritySet
00049869   io_is_led_on
0004988d   netif_set_up
000498b1   pbuf_cat
000498d5   tcp_seg_copy
0004993d   memcmp
0004995f   ustrncpy
00049981   IsValidHexDigit
000499a1   LocatorMACAddrSet
00049a21   lwIPTimer
00049a41   tcp_eff_send_mss
00049a61   tcp_recv_null
00049a81   tcp_tmr
00049aa1   usprintf
00049ac1   EMACAddrGet
00049adf   netif_set_down
00049b19   http_set_ssi_handler
00049b35   io_set_led
00049b51   lwIPLocalIPAddrGet
00049b6d   netif_set_addr
00049b89   udp_new
00049ba5   UARTprintf
00049bbf   autoip_network_changed
00049bd9   dhcp_arp_reply
00049bf3   lwip_htonl
00049bf3   lwip_ntohl
00049c0d   usnprintf
00049c89   io_get_animation_speed_string
00049cb9   _args_main
00049cd1   strcmp
00049ce9   tcp_next_iss
00049d01   tcp_seg_free
00049d19   EMACReset
00049d2f   EMACRxEnable
00049d45   EMACTxEnable
00049db3   pbuf_ref
00049dc9   strchr
00049de1   FlashUserGet
00049df5   SysTickEnable
00049e09   SysTickIntEnable
00049e1d   http_set_cgi_handlers
00049e31   io_set_animation_speed
00049e45   _register_unlock
00049e4b   _register_lock
00049e53   _nop
00049e59   strlen
00049e6d   sys_arch_unprotect
00049e81   tcp_close
00049e95   GPIOPinTypeEthernetLED
00049ea7   __TI_zero_init
00049ecb   netif_set_link_down
00049edd   pbuf_clen
00049eef   tcp_segs_free
00049f01   EMACFrameFilterSet
00049f11   SysTickPeriodSet
00049f21   autoip_stop
00049f41   lwip_init
00049f51   sys_arch_protect
00049f61   __TI_decompress_none
00049f6f   pbuf_chain
00049f7d   CPUcpsie
00049f89   SysCtlMOSCConfigSet
00049fa1   httpd_init
00049fad   inet_chksum
00049fb9   io_get_animation_speed
00049fc5   lwip_htons
00049fc5   lwip_ntohs
00049fd1   netif_set_default
00049fdd   netif_set_gw
00049fe9   netif_set_netmask
00049ff5   sys_now
0004a001   IntMasterEnable
0004a00b   tcp_poll
0004a015   EMACTxDMAPollDemand
0004a01d   fs_bytes_left
0004a02d   icmp_dest_unreach
0004a035   EMACRxDMADescriptorListSet
0004a03b   EMACTimestampIntStatus
0004a041   EMACTxDMADescriptorListSet
0004a047   GPIOPinRead
0004a04d   GPIOPinWrite
0004a053   ResetISR
0004a059   SysCtlDelay
0004a05f   SysTickIntHandler
0004a065   __TI_decompress_rle24
0004a06b   tcp_abort
0004a077   tcp_err
0004a07d   tcp_new
0004a083   tcp_recv
0004a089   udp_recv
0004a08f   TimerIntClear
0004a093   fs_close
0004a097   tcp_accept
0004a09b   tcp_arg
0004a09f   tcp_sent
0004a0a3   tcp_setprio
0004a0f4   __TI_Handler_Table_Base
0004a100   __TI_Handler_Table_Limit
0004a108   __TI_CINIT_Base
0004a118   __TI_CINIT_Limit
20000000   ram_heap
200173f0   g_pTxDescriptors
20017750   g_pRxDescriptors
20017870   lwip_stats
20017ae4   dhcp_rx_options_val
20017b3c   dhcp_rx_options_given
20017b5c   current_header
20017b60   current_iphdr_dest
20017b64   current_iphdr_src
20017b68   current_netif
20017b6c   g_iNumCGIs
20017b70   g_pCGIs
20017b74   g_pfnTimerHandler
20017b78   g_ui32AbnormalInts
20017b84   g_ui32IPAddress
20017b8c   g_ui32NormalInts
20017b90   g_ui32SysClock
20017ba0   netif_default
20017ba4   netif_list
20017bc8   tcp_active_pcbs
20017bcc   tcp_bound_pcbs
20017bd0   tcp_input_pcb
20017bd4   tcp_listen_pcbs
20017bd8   tcp_ticks
20017bdc   tcp_tmp_pcb
20017be0   tcp_tw_pcbs
20017bf0   udp_pcbs
20017bfb   pbuf_free_ooseq_pending
20017bfd   tcp_active_pcbs_changed
20017c00   __stack
20018000   __STACK_END
20018000   __STACK_TOP
20018004   g_TxDescList
20018014   g_RxDescList
20018030   g_ui32LocalTimer
2001806c   g_pfnSSIHandler
20018070   g_iNumTags
20018074   g_ppcTags
20018078   _lock
2001807c   _unlock
20018080   __TI_cleanup_ptr
20018084   __TI_dtors_ptr
20018090   g_ulAnimSpeed
20018094   main_func_sp
ffffffff   __binit__
ffffffff   __c_args__
ffffffff   binit
UNDEFED    SHT$$INIT_ARRAY$$Base
UNDEFED    SHT$$INIT_ARRAY$$Limit

[317 symbols]
